INFO - 2025-12-12 18:02:20 --> Session: Class initialized using 'CodeIgniter\Session\Handlers\FileHandler' driver.
ERROR - 2025-12-12 18:02:20 --> Error connecting to the database: mysqli_sql_exception: No such file or directory in /var/www/html/vendor/codeigniter4/framework/system/Database/MySQLi/Connection.php:174
Stack trace:
#0 /var/www/html/vendor/codeigniter4/framework/system/Database/MySQLi/Connection.php(174): mysqli->real_connect('localhost', 'root', '', 'skjacth_general', 3306, '', 0)
#1 /var/www/html/vendor/codeigniter4/framework/system/Database/BaseConnection.php(391): CodeIgniter\Database\MySQLi\Connection->connect(false)
#2 /var/www/html/vendor/codeigniter4/framework/system/Database/BaseConnection.php(574): CodeIgniter\Database\BaseConnection->initialize()
#3 /var/www/html/vendor/codeigniter4/framework/system/Database/BaseBuilder.php(1645): CodeIgniter\Database\BaseConnection->query('SELECT COUNT(*)...', NULL, false)
#4 /var/www/html/app/Controllers/ConUserHome.php(32): CodeIgniter\Database\BaseBuilder->countAll()
#5 /var/www/html/vendor/codeigniter4/framework/system/CodeIgniter.php(934): App\Controllers\ConUserHome->index()
#6 /var/www/html/vendor/codeigniter4/framework/system/CodeIgniter.php(499): CodeIgniter\CodeIgniter->runController(Object(App\Controllers\ConUserHome))
#7 /var/www/html/vendor/codeigniter4/framework/system/CodeIgniter.php(368): CodeIgniter\CodeIgniter->handleRequest(NULL, Object(Config\Cache), false)
#8 /var/www/html/index.php(67): CodeIgniter\CodeIgniter->run()
#9 {main}

Next CodeIgniter\Database\Exceptions\DatabaseException: No such file or directory in /var/www/html/vendor/codeigniter4/framework/system/Database/MySQLi/Connection.php:218
Stack trace:
#0 /var/www/html/vendor/codeigniter4/framework/system/Database/BaseConnection.php(391): CodeIgniter\Database\MySQLi\Connection->connect(false)
#1 /var/www/html/vendor/codeigniter4/framework/system/Database/BaseConnection.php(574): CodeIgniter\Database\BaseConnection->initialize()
#2 /var/www/html/vendor/codeigniter4/framework/system/Database/BaseBuilder.php(1645): CodeIgniter\Database\BaseConnection->query('SELECT COUNT(*)...', NULL, false)
#3 /var/www/html/app/Controllers/ConUserHome.php(32): CodeIgniter\Database\BaseBuilder->countAll()
#4 /var/www/html/vendor/codeigniter4/framework/system/CodeIgniter.php(934): App\Controllers\ConUserHome->index()
#5 /var/www/html/vendor/codeigniter4/framework/system/CodeIgniter.php(499): CodeIgniter\CodeIgniter->runController(Object(App\Controllers\ConUserHome))
#6 /var/www/html/vendor/codeigniter4/framework/system/CodeIgniter.php(368): CodeIgniter\CodeIgniter->handleRequest(NULL, Object(Config\Cache), false)
#7 /var/www/html/index.php(67): CodeIgniter\CodeIgniter->run()
#8 {main}
CRITICAL - 2025-12-12 18:02:20 --> Unable to connect to the database.
Main connection [MySQLi]: No such file or directory
in SYSTEMPATH/Database/BaseConnection.php on line 427.
 1 SYSTEMPATH/Database/BaseConnection.php(574): CodeIgniter\Database\BaseConnection->initialize()
 2 SYSTEMPATH/Database/BaseBuilder.php(1645): CodeIgniter\Database\BaseConnection->query('SELECT COUNT(*) AS `numrows` FROM `tb_location`', null, false)
 3 APPPATH/Controllers/ConUserHome.php(32): CodeIgniter\Database\BaseBuilder->countAll()
 4 SYSTEMPATH/CodeIgniter.php(934): App\Controllers\ConUserHome->index()
 5 SYSTEMPATH/CodeIgniter.php(499): CodeIgniter\CodeIgniter->runController(Object(App\Controllers\ConUserHome))
 6 SYSTEMPATH/CodeIgniter.php(368): CodeIgniter\CodeIgniter->handleRequest(null, Object(Config\Cache), false)
 7 FCPATH/index.php(67): CodeIgniter\CodeIgniter->run()
INFO - 2025-12-12 18:02:21 --> Session: Class initialized using 'CodeIgniter\Session\Handlers\FileHandler' driver.
ERROR - 2025-12-12 18:02:22 --> Error connecting to the database: mysqli_sql_exception: No such file or directory in /var/www/html/vendor/codeigniter4/framework/system/Database/MySQLi/Connection.php:174
Stack trace:
#0 /var/www/html/vendor/codeigniter4/framework/system/Database/MySQLi/Connection.php(174): mysqli->real_connect('localhost', 'root', '', 'skjacth_general', 3306, '', 0)
#1 /var/www/html/vendor/codeigniter4/framework/system/Database/BaseConnection.php(391): CodeIgniter\Database\MySQLi\Connection->connect(false)
#2 /var/www/html/vendor/codeigniter4/framework/system/Database/BaseConnection.php(574): CodeIgniter\Database\BaseConnection->initialize()
#3 /var/www/html/vendor/codeigniter4/framework/system/Database/BaseBuilder.php(1645): CodeIgniter\Database\BaseConnection->query('SELECT COUNT(*)...', NULL, false)
#4 /var/www/html/app/Controllers/ConUserHome.php(32): CodeIgniter\Database\BaseBuilder->countAll()
#5 /var/www/html/vendor/codeigniter4/framework/system/CodeIgniter.php(934): App\Controllers\ConUserHome->index()
#6 /var/www/html/vendor/codeigniter4/framework/system/CodeIgniter.php(499): CodeIgniter\CodeIgniter->runController(Object(App\Controllers\ConUserHome))
#7 /var/www/html/vendor/codeigniter4/framework/system/CodeIgniter.php(368): CodeIgniter\CodeIgniter->handleRequest(NULL, Object(Config\Cache), false)
#8 /var/www/html/index.php(67): CodeIgniter\CodeIgniter->run()
#9 {main}

Next CodeIgniter\Database\Exceptions\DatabaseException: No such file or directory in /var/www/html/vendor/codeigniter4/framework/system/Database/MySQLi/Connection.php:218
Stack trace:
#0 /var/www/html/vendor/codeigniter4/framework/system/Database/BaseConnection.php(391): CodeIgniter\Database\MySQLi\Connection->connect(false)
#1 /var/www/html/vendor/codeigniter4/framework/system/Database/BaseConnection.php(574): CodeIgniter\Database\BaseConnection->initialize()
#2 /var/www/html/vendor/codeigniter4/framework/system/Database/BaseBuilder.php(1645): CodeIgniter\Database\BaseConnection->query('SELECT COUNT(*)...', NULL, false)
#3 /var/www/html/app/Controllers/ConUserHome.php(32): CodeIgniter\Database\BaseBuilder->countAll()
#4 /var/www/html/vendor/codeigniter4/framework/system/CodeIgniter.php(934): App\Controllers\ConUserHome->index()
#5 /var/www/html/vendor/codeigniter4/framework/system/CodeIgniter.php(499): CodeIgniter\CodeIgniter->runController(Object(App\Controllers\ConUserHome))
#6 /var/www/html/vendor/codeigniter4/framework/system/CodeIgniter.php(368): CodeIgniter\CodeIgniter->handleRequest(NULL, Object(Config\Cache), false)
#7 /var/www/html/index.php(67): CodeIgniter\CodeIgniter->run()
#8 {main}
CRITICAL - 2025-12-12 18:02:22 --> Unable to connect to the database.
Main connection [MySQLi]: No such file or directory
in SYSTEMPATH/Database/BaseConnection.php on line 427.
 1 SYSTEMPATH/Database/BaseConnection.php(574): CodeIgniter\Database\BaseConnection->initialize()
 2 SYSTEMPATH/Database/BaseBuilder.php(1645): CodeIgniter\Database\BaseConnection->query('SELECT COUNT(*) AS `numrows` FROM `tb_location`', null, false)
 3 APPPATH/Controllers/ConUserHome.php(32): CodeIgniter\Database\BaseBuilder->countAll()
 4 SYSTEMPATH/CodeIgniter.php(934): App\Controllers\ConUserHome->index()
 5 SYSTEMPATH/CodeIgniter.php(499): CodeIgniter\CodeIgniter->runController(Object(App\Controllers\ConUserHome))
 6 SYSTEMPATH/CodeIgniter.php(368): CodeIgniter\CodeIgniter->handleRequest(null, Object(Config\Cache), false)
 7 FCPATH/index.php(67): CodeIgniter\CodeIgniter->run()
INFO - 2025-12-12 18:03:49 --> Session: Class initialized using 'CodeIgniter\Session\Handlers\FileHandler' driver.
INFO - 2025-12-12 18:03:51 --> Session: Class initialized using 'CodeIgniter\Session\Handlers\FileHandler' driver.
INFO - 2025-12-12 18:03:58 --> Session: Class initialized using 'CodeIgniter\Session\Handlers\FileHandler' driver.
INFO - 2025-12-12 18:04:00 --> Session: Class initialized using 'CodeIgniter\Session\Handlers\FileHandler' driver.
CRITICAL - 2025-12-12 18:04:07 --> require(/var/librarie_skj/google_sheet/vendor/autoload.php): Failed to open stream: No such file or directory
in APPPATH/Controllers/ConLogin.php on line 15.
 1 APPPATH/Controllers/ConLogin.php(15): CodeIgniter\Debug\Exceptions->errorHandler(2, 'require(/var/librarie_skj/google_sheet/vendor/autoload.php): Failed to open stream: No such file or directory', '/var/www/html/app/Controllers/ConLogin.php', 15)
 2 APPPATH/Controllers/ConLogin.php(15): require()
 3 SYSTEMPATH/CodeIgniter.php(906): App\Controllers\ConLogin->__construct()
 4 SYSTEMPATH/CodeIgniter.php(490): CodeIgniter\CodeIgniter->createController()
 5 SYSTEMPATH/CodeIgniter.php(368): CodeIgniter\CodeIgniter->handleRequest(null, Object(Config\Cache), false)
 6 FCPATH/index.php(67): CodeIgniter\CodeIgniter->run()
INFO - 2025-12-12 18:05:58 --> Session: Class initialized using 'CodeIgniter\Session\Handlers\FileHandler' driver.
INFO - 2025-12-12 18:05:59 --> Session: Class initialized using 'CodeIgniter\Session\Handlers\FileHandler' driver.
INFO - 2025-12-12 18:06:06 --> Session: Class initialized using 'CodeIgniter\Session\Handlers\FileHandler' driver.
INFO - 2025-12-12 18:06:10 --> Session: Class initialized using 'CodeIgniter\Session\Handlers\FileHandler' driver.
CRITICAL - 2025-12-12 18:06:12 --> require(/var/librarie_skj/google_sheet/vendor/autoload.php): Failed to open stream: No such file or directory
in APPPATH/Controllers/ConLogin.php on line 15.
 1 APPPATH/Controllers/ConLogin.php(15): CodeIgniter\Debug\Exceptions->errorHandler(2, 'require(/var/librarie_skj/google_sheet/vendor/autoload.php): Failed to open stream: No such file or directory', '/var/www/html/app/Controllers/ConLogin.php', 15)
 2 APPPATH/Controllers/ConLogin.php(15): require()
 3 SYSTEMPATH/CodeIgniter.php(906): App\Controllers\ConLogin->__construct()
 4 SYSTEMPATH/CodeIgniter.php(490): CodeIgniter\CodeIgniter->createController()
 5 SYSTEMPATH/CodeIgniter.php(368): CodeIgniter\CodeIgniter->handleRequest(null, Object(Config\Cache), false)
 6 FCPATH/index.php(67): CodeIgniter\CodeIgniter->run()
INFO - 2025-12-12 18:07:23 --> Session: Class initialized using 'CodeIgniter\Session\Handlers\FileHandler' driver.
