INFO - 2025-04-24 09:16:57 --> Session: Class initialized using 'CodeIgniter\Session\Handlers\FileHandler' driver.
INFO - 2025-04-24 09:16:57 --> Session: Class initialized using 'CodeIgniter\Session\Handlers\FileHandler' driver.
INFO - 2025-04-24 09:16:58 --> Session: Class initialized using 'CodeIgniter\Session\Handlers\FileHandler' driver.
INFO - 2025-04-24 09:17:03 --> Session: Class initialized using 'CodeIgniter\Session\Handlers\FileHandler' driver.
INFO - 2025-04-24 09:17:34 --> Session: Class initialized using 'CodeIgniter\Session\Handlers\FileHandler' driver.
INFO - 2025-04-24 09:17:34 --> Session: Class initialized using 'CodeIgniter\Session\Handlers\FileHandler' driver.
INFO - 2025-04-24 09:17:48 --> Session: Class initialized using 'CodeIgniter\Session\Handlers\FileHandler' driver.
INFO - 2025-04-24 09:17:48 --> Session: Class initialized using 'CodeIgniter\Session\Handlers\FileHandler' driver.
INFO - 2025-04-24 09:18:13 --> Session: Class initialized using 'CodeIgniter\Session\Handlers\FileHandler' driver.
INFO - 2025-04-24 09:18:13 --> Session: Class initialized using 'CodeIgniter\Session\Handlers\FileHandler' driver.
INFO - 2025-04-24 09:18:50 --> Session: Class initialized using 'CodeIgniter\Session\Handlers\FileHandler' driver.
INFO - 2025-04-24 09:18:50 --> Session: Class initialized using 'CodeIgniter\Session\Handlers\FileHandler' driver.
INFO - 2025-04-24 09:36:20 --> Session: Class initialized using 'CodeIgniter\Session\Handlers\FileHandler' driver.
INFO - 2025-04-24 09:36:21 --> Session: Class initialized using 'CodeIgniter\Session\Handlers\FileHandler' driver.
INFO - 2025-04-24 09:36:29 --> Session: Class initialized using 'CodeIgniter\Session\Handlers\FileHandler' driver.
INFO - 2025-04-24 09:36:30 --> Session: Class initialized using 'CodeIgniter\Session\Handlers\FileHandler' driver.
INFO - 2025-04-24 09:36:40 --> Session: Class initialized using 'CodeIgniter\Session\Handlers\FileHandler' driver.
INFO - 2025-04-24 09:36:40 --> Session: Class initialized using 'CodeIgniter\Session\Handlers\FileHandler' driver.
INFO - 2025-04-24 09:37:08 --> Session: Class initialized using 'CodeIgniter\Session\Handlers\FileHandler' driver.
INFO - 2025-04-24 09:37:08 --> Session: Class initialized using 'CodeIgniter\Session\Handlers\FileHandler' driver.
INFO - 2025-04-24 09:48:41 --> Session: Class initialized using 'CodeIgniter\Session\Handlers\FileHandler' driver.
INFO - 2025-04-24 09:48:41 --> Session: Class initialized using 'CodeIgniter\Session\Handlers\FileHandler' driver.
INFO - 2025-04-24 09:55:23 --> Session: Class initialized using 'CodeIgniter\Session\Handlers\FileHandler' driver.
INFO - 2025-04-24 09:55:26 --> Session: Class initialized using 'CodeIgniter\Session\Handlers\FileHandler' driver.
INFO - 2025-04-24 09:55:27 --> Session: Class initialized using 'CodeIgniter\Session\Handlers\FileHandler' driver.
INFO - 2025-04-24 09:55:29 --> Session: Class initialized using 'CodeIgniter\Session\Handlers\FileHandler' driver.
INFO - 2025-04-24 09:55:30 --> Session: Class initialized using 'CodeIgniter\Session\Handlers\FileHandler' driver.
INFO - 2025-04-24 09:55:31 --> Session: Class initialized using 'CodeIgniter\Session\Handlers\FileHandler' driver.
INFO - 2025-04-24 10:19:01 --> Session: Class initialized using 'CodeIgniter\Session\Handlers\FileHandler' driver.
INFO - 2025-04-24 10:19:01 --> Session: Class initialized using 'CodeIgniter\Session\Handlers\FileHandler' driver.
INFO - 2025-04-24 10:19:03 --> Session: Class initialized using 'CodeIgniter\Session\Handlers\FileHandler' driver.
INFO - 2025-04-24 10:19:03 --> Session: Class initialized using 'CodeIgniter\Session\Handlers\FileHandler' driver.
INFO - 2025-04-24 10:19:03 --> Session: Class initialized using 'CodeIgniter\Session\Handlers\FileHandler' driver.
INFO - 2025-04-24 10:19:42 --> Session: Class initialized using 'CodeIgniter\Session\Handlers\FileHandler' driver.
INFO - 2025-04-24 10:19:42 --> Session: Class initialized using 'CodeIgniter\Session\Handlers\FileHandler' driver.
INFO - 2025-04-24 10:19:54 --> Session: Class initialized using 'CodeIgniter\Session\Handlers\FileHandler' driver.
INFO - 2025-04-24 10:19:55 --> Session: Class initialized using 'CodeIgniter\Session\Handlers\FileHandler' driver.
INFO - 2025-04-24 10:19:56 --> Session: Class initialized using 'CodeIgniter\Session\Handlers\FileHandler' driver.
INFO - 2025-04-24 10:20:21 --> Session: Class initialized using 'CodeIgniter\Session\Handlers\FileHandler' driver.
CRITICAL - 2025-04-24 10:20:21 --> Call to undefined method CodeIgniter\Database\MySQLi\Builder::insertID()
in APPPATH\Controllers\ConUserCarBooking.php on line 210.
 1 SYSTEMPATH\CodeIgniter.php(934): App\Controllers\ConUserCarBooking->CarBookingInsert()
 2 SYSTEMPATH\CodeIgniter.php(499): CodeIgniter\CodeIgniter->runController(Object(App\Controllers\ConUserCarBooking))
 3 SYSTEMPATH\CodeIgniter.php(368): CodeIgniter\CodeIgniter->handleRequest(null, Object(Config\Cache), false)
 4 FCPATH\index.php(67): CodeIgniter\CodeIgniter->run()
INFO - 2025-04-24 10:20:44 --> Session: Class initialized using 'CodeIgniter\Session\Handlers\FileHandler' driver.
ERROR - 2025-04-24 10:20:44 --> mysqli_sql_exception: Column 'car_reserv_order' cannot be null in D:\xampp\htdocs\general\vendor\codeigniter4\framework\system\Database\MySQLi\Connection.php:295
Stack trace:
#0 D:\xampp\htdocs\general\vendor\codeigniter4\framework\system\Database\MySQLi\Connection.php(295): mysqli->query('INSERT INTO `tb...', 0)
#1 D:\xampp\htdocs\general\vendor\codeigniter4\framework\system\Database\BaseConnection.php(692): CodeIgniter\Database\MySQLi\Connection->execute('INSERT INTO `tb...')
#2 D:\xampp\htdocs\general\vendor\codeigniter4\framework\system\Database\BaseConnection.php(606): CodeIgniter\Database\BaseConnection->simpleQuery('INSERT INTO `tb...')
#3 D:\xampp\htdocs\general\vendor\codeigniter4\framework\system\Database\BaseBuilder.php(2309): CodeIgniter\Database\BaseConnection->query('INSERT INTO `tb...', Array, false)
#4 D:\xampp\htdocs\general\app\Controllers\ConUserCarBooking.php(209): CodeIgniter\Database\BaseBuilder->insert(Array)
#5 D:\xampp\htdocs\general\vendor\codeigniter4\framework\system\CodeIgniter.php(934): App\Controllers\ConUserCarBooking->CarBookingInsert()
#6 D:\xampp\htdocs\general\vendor\codeigniter4\framework\system\CodeIgniter.php(499): CodeIgniter\CodeIgniter->runController(Object(App\Controllers\ConUserCarBooking))
#7 D:\xampp\htdocs\general\vendor\codeigniter4\framework\system\CodeIgniter.php(368): CodeIgniter\CodeIgniter->handleRequest(NULL, Object(Config\Cache), false)
#8 D:\xampp\htdocs\general\index.php(67): CodeIgniter\CodeIgniter->run()
#9 {main}
CRITICAL - 2025-04-24 10:20:44 --> Column 'car_reserv_order' cannot be null
in SYSTEMPATH\Database\MySQLi\Connection.php on line 295.
 1 SYSTEMPATH\Database\MySQLi\Connection.php(295): mysqli->query('INSERT INTO `tb_car_reservation` (`car_reserv_order`, `car_reserv_memberID`, `car_reserv_location`, `car_reserv_detail`, `car_reserv_number`, `car_reserv_StartDate`, `car_reserv_StartTime`, `car_reserv_EndDate`, `car_reserv_EndTime`, `car_reserv_carID`, `car_reserv_phone`, `car_reserv_status`) VALUES (NULL, NULL, NULL, NULL, NULL, NULL, NULL, NULL, NULL, NULL, NULL, \'รอตรวจสอบ\')', 0)
 2 SYSTEMPATH\Database\BaseConnection.php(692): CodeIgniter\Database\MySQLi\Connection->execute('INSERT INTO `tb_car_reservation` (`car_reserv_order`, `car_reserv_memberID`, `car_reserv_location`, `car_reserv_detail`, `car_reserv_number`, `car_reserv_StartDate`, `car_reserv_StartTime`, `car_reserv_EndDate`, `car_reserv_EndTime`, `car_reserv_carID`, `car_reserv_phone`, `car_reserv_status`) VALUES (NULL, NULL, NULL, NULL, NULL, NULL, NULL, NULL, NULL, NULL, NULL, \'รอตรวจสอบ\')')
 3 SYSTEMPATH\Database\BaseConnection.php(606): CodeIgniter\Database\BaseConnection->simpleQuery('INSERT INTO `tb_car_reservation` (`car_reserv_order`, `car_reserv_memberID`, `car_reserv_location`, `car_reserv_detail`, `car_reserv_number`, `car_reserv_StartDate`, `car_reserv_StartTime`, `car_reserv_EndDate`, `car_reserv_EndTime`, `car_reserv_carID`, `car_reserv_phone`, `car_reserv_status`) VALUES (NULL, NULL, NULL, NULL, NULL, NULL, NULL, NULL, NULL, NULL, NULL, \'รอตรวจสอบ\')')
 4 SYSTEMPATH\Database\BaseBuilder.php(2309): CodeIgniter\Database\BaseConnection->query('INSERT INTO `tb_car_reservation` (`car_reserv_order`, `car_reserv_memberID`, `car_reserv_location`, `car_reserv_detail`, `car_reserv_number`, `car_reserv_StartDate`, `car_reserv_StartTime`, `car_reserv_EndDate`, `car_reserv_EndTime`, `car_reserv_carID`, `car_reserv_phone`, `car_reserv_status`) VALUES (:car_reserv_order:, :car_reserv_memberID:, :car_reserv_location:, :car_reserv_detail:, :car_reserv_number:, :car_reserv_StartDate:, :car_reserv_StartTime:, :car_reserv_EndDate:, :car_reserv_EndTime:, :car_reserv_carID:, :car_reserv_phone:, :car_reserv_status:)', [...], false)
 5 APPPATH\Controllers\ConUserCarBooking.php(209): CodeIgniter\Database\BaseBuilder->insert([...])
 6 SYSTEMPATH\CodeIgniter.php(934): App\Controllers\ConUserCarBooking->CarBookingInsert()
 7 SYSTEMPATH\CodeIgniter.php(499): CodeIgniter\CodeIgniter->runController(Object(App\Controllers\ConUserCarBooking))
 8 SYSTEMPATH\CodeIgniter.php(368): CodeIgniter\CodeIgniter->handleRequest(null, Object(Config\Cache), false)
 9 FCPATH\index.php(67): CodeIgniter\CodeIgniter->run()
INFO - 2025-04-24 10:21:32 --> Session: Class initialized using 'CodeIgniter\Session\Handlers\FileHandler' driver.
INFO - 2025-04-24 10:21:33 --> Session: Class initialized using 'CodeIgniter\Session\Handlers\FileHandler' driver.
INFO - 2025-04-24 10:21:35 --> Session: Class initialized using 'CodeIgniter\Session\Handlers\FileHandler' driver.
INFO - 2025-04-24 10:21:47 --> Session: Class initialized using 'CodeIgniter\Session\Handlers\FileHandler' driver.
INFO - 2025-04-24 10:21:47 --> Session: Class initialized using 'CodeIgniter\Session\Handlers\FileHandler' driver.
INFO - 2025-04-24 10:21:48 --> Session: Class initialized using 'CodeIgniter\Session\Handlers\FileHandler' driver.
INFO - 2025-04-24 10:21:49 --> Session: Class initialized using 'CodeIgniter\Session\Handlers\FileHandler' driver.
INFO - 2025-04-24 10:22:03 --> Session: Class initialized using 'CodeIgniter\Session\Handlers\FileHandler' driver.
INFO - 2025-04-24 10:22:03 --> Session: Class initialized using 'CodeIgniter\Session\Handlers\FileHandler' driver.
INFO - 2025-04-24 10:22:04 --> Session: Class initialized using 'CodeIgniter\Session\Handlers\FileHandler' driver.
INFO - 2025-04-24 10:22:05 --> Session: Class initialized using 'CodeIgniter\Session\Handlers\FileHandler' driver.
INFO - 2025-04-24 10:22:06 --> Session: Class initialized using 'CodeIgniter\Session\Handlers\FileHandler' driver.
INFO - 2025-04-24 10:22:27 --> Session: Class initialized using 'CodeIgniter\Session\Handlers\FileHandler' driver.
INFO - 2025-04-24 10:22:41 --> Session: Class initialized using 'CodeIgniter\Session\Handlers\FileHandler' driver.
CRITICAL - 2025-04-24 10:22:41 --> Call to undefined method CodeIgniter\Database\MySQLi\Builder::insertID()
in APPPATH\Controllers\ConUserCarBooking.php on line 210.
 1 SYSTEMPATH\CodeIgniter.php(934): App\Controllers\ConUserCarBooking->CarBookingInsert()
 2 SYSTEMPATH\CodeIgniter.php(499): CodeIgniter\CodeIgniter->runController(Object(App\Controllers\ConUserCarBooking))
 3 SYSTEMPATH\CodeIgniter.php(368): CodeIgniter\CodeIgniter->handleRequest(null, Object(Config\Cache), false)
 4 FCPATH\index.php(67): CodeIgniter\CodeIgniter->run()
INFO - 2025-04-24 10:22:51 --> Session: Class initialized using 'CodeIgniter\Session\Handlers\FileHandler' driver.
ERROR - 2025-04-24 10:22:51 --> mysqli_sql_exception: Column 'car_reserv_order' cannot be null in D:\xampp\htdocs\general\vendor\codeigniter4\framework\system\Database\MySQLi\Connection.php:295
Stack trace:
#0 D:\xampp\htdocs\general\vendor\codeigniter4\framework\system\Database\MySQLi\Connection.php(295): mysqli->query('INSERT INTO `tb...', 0)
#1 D:\xampp\htdocs\general\vendor\codeigniter4\framework\system\Database\BaseConnection.php(692): CodeIgniter\Database\MySQLi\Connection->execute('INSERT INTO `tb...')
#2 D:\xampp\htdocs\general\vendor\codeigniter4\framework\system\Database\BaseConnection.php(606): CodeIgniter\Database\BaseConnection->simpleQuery('INSERT INTO `tb...')
#3 D:\xampp\htdocs\general\vendor\codeigniter4\framework\system\Database\BaseBuilder.php(2309): CodeIgniter\Database\BaseConnection->query('INSERT INTO `tb...', Array, false)
#4 D:\xampp\htdocs\general\app\Controllers\ConUserCarBooking.php(209): CodeIgniter\Database\BaseBuilder->insert(Array)
#5 D:\xampp\htdocs\general\vendor\codeigniter4\framework\system\CodeIgniter.php(934): App\Controllers\ConUserCarBooking->CarBookingInsert()
#6 D:\xampp\htdocs\general\vendor\codeigniter4\framework\system\CodeIgniter.php(499): CodeIgniter\CodeIgniter->runController(Object(App\Controllers\ConUserCarBooking))
#7 D:\xampp\htdocs\general\vendor\codeigniter4\framework\system\CodeIgniter.php(368): CodeIgniter\CodeIgniter->handleRequest(NULL, Object(Config\Cache), false)
#8 D:\xampp\htdocs\general\index.php(67): CodeIgniter\CodeIgniter->run()
#9 {main}
CRITICAL - 2025-04-24 10:22:51 --> Column 'car_reserv_order' cannot be null
in SYSTEMPATH\Database\MySQLi\Connection.php on line 295.
 1 SYSTEMPATH\Database\MySQLi\Connection.php(295): mysqli->query('INSERT INTO `tb_car_reservation` (`car_reserv_order`, `car_reserv_memberID`, `car_reserv_location`, `car_reserv_detail`, `car_reserv_number`, `car_reserv_StartDate`, `car_reserv_StartTime`, `car_reserv_EndDate`, `car_reserv_EndTime`, `car_reserv_carID`, `car_reserv_phone`, `car_reserv_status`) VALUES (NULL, NULL, NULL, NULL, NULL, NULL, NULL, NULL, NULL, NULL, NULL, \'รอตรวจสอบ\')', 0)
 2 SYSTEMPATH\Database\BaseConnection.php(692): CodeIgniter\Database\MySQLi\Connection->execute('INSERT INTO `tb_car_reservation` (`car_reserv_order`, `car_reserv_memberID`, `car_reserv_location`, `car_reserv_detail`, `car_reserv_number`, `car_reserv_StartDate`, `car_reserv_StartTime`, `car_reserv_EndDate`, `car_reserv_EndTime`, `car_reserv_carID`, `car_reserv_phone`, `car_reserv_status`) VALUES (NULL, NULL, NULL, NULL, NULL, NULL, NULL, NULL, NULL, NULL, NULL, \'รอตรวจสอบ\')')
 3 SYSTEMPATH\Database\BaseConnection.php(606): CodeIgniter\Database\BaseConnection->simpleQuery('INSERT INTO `tb_car_reservation` (`car_reserv_order`, `car_reserv_memberID`, `car_reserv_location`, `car_reserv_detail`, `car_reserv_number`, `car_reserv_StartDate`, `car_reserv_StartTime`, `car_reserv_EndDate`, `car_reserv_EndTime`, `car_reserv_carID`, `car_reserv_phone`, `car_reserv_status`) VALUES (NULL, NULL, NULL, NULL, NULL, NULL, NULL, NULL, NULL, NULL, NULL, \'รอตรวจสอบ\')')
 4 SYSTEMPATH\Database\BaseBuilder.php(2309): CodeIgniter\Database\BaseConnection->query('INSERT INTO `tb_car_reservation` (`car_reserv_order`, `car_reserv_memberID`, `car_reserv_location`, `car_reserv_detail`, `car_reserv_number`, `car_reserv_StartDate`, `car_reserv_StartTime`, `car_reserv_EndDate`, `car_reserv_EndTime`, `car_reserv_carID`, `car_reserv_phone`, `car_reserv_status`) VALUES (:car_reserv_order:, :car_reserv_memberID:, :car_reserv_location:, :car_reserv_detail:, :car_reserv_number:, :car_reserv_StartDate:, :car_reserv_StartTime:, :car_reserv_EndDate:, :car_reserv_EndTime:, :car_reserv_carID:, :car_reserv_phone:, :car_reserv_status:)', [...], false)
 5 APPPATH\Controllers\ConUserCarBooking.php(209): CodeIgniter\Database\BaseBuilder->insert([...])
 6 SYSTEMPATH\CodeIgniter.php(934): App\Controllers\ConUserCarBooking->CarBookingInsert()
 7 SYSTEMPATH\CodeIgniter.php(499): CodeIgniter\CodeIgniter->runController(Object(App\Controllers\ConUserCarBooking))
 8 SYSTEMPATH\CodeIgniter.php(368): CodeIgniter\CodeIgniter->handleRequest(null, Object(Config\Cache), false)
 9 FCPATH\index.php(67): CodeIgniter\CodeIgniter->run()
INFO - 2025-04-24 10:23:47 --> Session: Class initialized using 'CodeIgniter\Session\Handlers\FileHandler' driver.
INFO - 2025-04-24 10:23:47 --> Session: Class initialized using 'CodeIgniter\Session\Handlers\FileHandler' driver.
INFO - 2025-04-24 10:24:05 --> Session: Class initialized using 'CodeIgniter\Session\Handlers\FileHandler' driver.
CRITICAL - 2025-04-24 10:24:05 --> Call to undefined method CodeIgniter\Database\MySQLi\Builder::insertID()
in APPPATH\Controllers\ConUserCarBooking.php on line 210.
 1 SYSTEMPATH\CodeIgniter.php(934): App\Controllers\ConUserCarBooking->CarBookingInsert()
 2 SYSTEMPATH\CodeIgniter.php(499): CodeIgniter\CodeIgniter->runController(Object(App\Controllers\ConUserCarBooking))
 3 SYSTEMPATH\CodeIgniter.php(368): CodeIgniter\CodeIgniter->handleRequest(null, Object(Config\Cache), false)
 4 FCPATH\index.php(67): CodeIgniter\CodeIgniter->run()
INFO - 2025-04-24 10:24:15 --> Session: Class initialized using 'CodeIgniter\Session\Handlers\FileHandler' driver.
ERROR - 2025-04-24 10:24:15 --> mysqli_sql_exception: Column 'car_reserv_order' cannot be null in D:\xampp\htdocs\general\vendor\codeigniter4\framework\system\Database\MySQLi\Connection.php:295
Stack trace:
#0 D:\xampp\htdocs\general\vendor\codeigniter4\framework\system\Database\MySQLi\Connection.php(295): mysqli->query('INSERT INTO `tb...', 0)
#1 D:\xampp\htdocs\general\vendor\codeigniter4\framework\system\Database\BaseConnection.php(692): CodeIgniter\Database\MySQLi\Connection->execute('INSERT INTO `tb...')
#2 D:\xampp\htdocs\general\vendor\codeigniter4\framework\system\Database\BaseConnection.php(606): CodeIgniter\Database\BaseConnection->simpleQuery('INSERT INTO `tb...')
#3 D:\xampp\htdocs\general\vendor\codeigniter4\framework\system\Database\BaseBuilder.php(2309): CodeIgniter\Database\BaseConnection->query('INSERT INTO `tb...', Array, false)
#4 D:\xampp\htdocs\general\app\Controllers\ConUserCarBooking.php(209): CodeIgniter\Database\BaseBuilder->insert(Array)
#5 D:\xampp\htdocs\general\vendor\codeigniter4\framework\system\CodeIgniter.php(934): App\Controllers\ConUserCarBooking->CarBookingInsert()
#6 D:\xampp\htdocs\general\vendor\codeigniter4\framework\system\CodeIgniter.php(499): CodeIgniter\CodeIgniter->runController(Object(App\Controllers\ConUserCarBooking))
#7 D:\xampp\htdocs\general\vendor\codeigniter4\framework\system\CodeIgniter.php(368): CodeIgniter\CodeIgniter->handleRequest(NULL, Object(Config\Cache), false)
#8 D:\xampp\htdocs\general\index.php(67): CodeIgniter\CodeIgniter->run()
#9 {main}
CRITICAL - 2025-04-24 10:24:15 --> Column 'car_reserv_order' cannot be null
in SYSTEMPATH\Database\MySQLi\Connection.php on line 295.
 1 SYSTEMPATH\Database\MySQLi\Connection.php(295): mysqli->query('INSERT INTO `tb_car_reservation` (`car_reserv_order`, `car_reserv_memberID`, `car_reserv_location`, `car_reserv_detail`, `car_reserv_number`, `car_reserv_StartDate`, `car_reserv_StartTime`, `car_reserv_EndDate`, `car_reserv_EndTime`, `car_reserv_carID`, `car_reserv_phone`, `car_reserv_status`) VALUES (NULL, NULL, NULL, NULL, NULL, NULL, NULL, NULL, NULL, NULL, NULL, \'รอตรวจสอบ\')', 0)
 2 SYSTEMPATH\Database\BaseConnection.php(692): CodeIgniter\Database\MySQLi\Connection->execute('INSERT INTO `tb_car_reservation` (`car_reserv_order`, `car_reserv_memberID`, `car_reserv_location`, `car_reserv_detail`, `car_reserv_number`, `car_reserv_StartDate`, `car_reserv_StartTime`, `car_reserv_EndDate`, `car_reserv_EndTime`, `car_reserv_carID`, `car_reserv_phone`, `car_reserv_status`) VALUES (NULL, NULL, NULL, NULL, NULL, NULL, NULL, NULL, NULL, NULL, NULL, \'รอตรวจสอบ\')')
 3 SYSTEMPATH\Database\BaseConnection.php(606): CodeIgniter\Database\BaseConnection->simpleQuery('INSERT INTO `tb_car_reservation` (`car_reserv_order`, `car_reserv_memberID`, `car_reserv_location`, `car_reserv_detail`, `car_reserv_number`, `car_reserv_StartDate`, `car_reserv_StartTime`, `car_reserv_EndDate`, `car_reserv_EndTime`, `car_reserv_carID`, `car_reserv_phone`, `car_reserv_status`) VALUES (NULL, NULL, NULL, NULL, NULL, NULL, NULL, NULL, NULL, NULL, NULL, \'รอตรวจสอบ\')')
 4 SYSTEMPATH\Database\BaseBuilder.php(2309): CodeIgniter\Database\BaseConnection->query('INSERT INTO `tb_car_reservation` (`car_reserv_order`, `car_reserv_memberID`, `car_reserv_location`, `car_reserv_detail`, `car_reserv_number`, `car_reserv_StartDate`, `car_reserv_StartTime`, `car_reserv_EndDate`, `car_reserv_EndTime`, `car_reserv_carID`, `car_reserv_phone`, `car_reserv_status`) VALUES (:car_reserv_order:, :car_reserv_memberID:, :car_reserv_location:, :car_reserv_detail:, :car_reserv_number:, :car_reserv_StartDate:, :car_reserv_StartTime:, :car_reserv_EndDate:, :car_reserv_EndTime:, :car_reserv_carID:, :car_reserv_phone:, :car_reserv_status:)', [...], false)
 5 APPPATH\Controllers\ConUserCarBooking.php(209): CodeIgniter\Database\BaseBuilder->insert([...])
 6 SYSTEMPATH\CodeIgniter.php(934): App\Controllers\ConUserCarBooking->CarBookingInsert()
 7 SYSTEMPATH\CodeIgniter.php(499): CodeIgniter\CodeIgniter->runController(Object(App\Controllers\ConUserCarBooking))
 8 SYSTEMPATH\CodeIgniter.php(368): CodeIgniter\CodeIgniter->handleRequest(null, Object(Config\Cache), false)
 9 FCPATH\index.php(67): CodeIgniter\CodeIgniter->run()
INFO - 2025-04-24 10:25:19 --> Session: Class initialized using 'CodeIgniter\Session\Handlers\FileHandler' driver.
INFO - 2025-04-24 10:25:20 --> Session: Class initialized using 'CodeIgniter\Session\Handlers\FileHandler' driver.
INFO - 2025-04-24 10:25:38 --> Session: Class initialized using 'CodeIgniter\Session\Handlers\FileHandler' driver.
INFO - 2025-04-24 10:28:24 --> Session: Class initialized using 'CodeIgniter\Session\Handlers\FileHandler' driver.
INFO - 2025-04-24 10:28:25 --> Session: Class initialized using 'CodeIgniter\Session\Handlers\FileHandler' driver.
INFO - 2025-04-24 10:30:20 --> Session: Class initialized using 'CodeIgniter\Session\Handlers\FileHandler' driver.
INFO - 2025-04-24 10:30:21 --> Session: Class initialized using 'CodeIgniter\Session\Handlers\FileHandler' driver.
INFO - 2025-04-24 10:30:21 --> Session: Class initialized using 'CodeIgniter\Session\Handlers\FileHandler' driver.
INFO - 2025-04-24 10:30:22 --> Session: Class initialized using 'CodeIgniter\Session\Handlers\FileHandler' driver.
INFO - 2025-04-24 10:30:22 --> Session: Class initialized using 'CodeIgniter\Session\Handlers\FileHandler' driver.
INFO - 2025-04-24 10:30:55 --> Session: Class initialized using 'CodeIgniter\Session\Handlers\FileHandler' driver.
INFO - 2025-04-24 10:30:55 --> Session: Class initialized using 'CodeIgniter\Session\Handlers\FileHandler' driver.
INFO - 2025-04-24 10:31:27 --> Session: Class initialized using 'CodeIgniter\Session\Handlers\FileHandler' driver.
INFO - 2025-04-24 10:31:27 --> Session: Class initialized using 'CodeIgniter\Session\Handlers\FileHandler' driver.
INFO - 2025-04-24 10:31:27 --> Session: Class initialized using 'CodeIgniter\Session\Handlers\FileHandler' driver.
INFO - 2025-04-24 10:31:29 --> Session: Class initialized using 'CodeIgniter\Session\Handlers\FileHandler' driver.
INFO - 2025-04-24 10:31:29 --> Session: Class initialized using 'CodeIgniter\Session\Handlers\FileHandler' driver.
INFO - 2025-04-24 10:31:30 --> Session: Class initialized using 'CodeIgniter\Session\Handlers\FileHandler' driver.
INFO - 2025-04-24 10:31:32 --> Session: Class initialized using 'CodeIgniter\Session\Handlers\FileHandler' driver.
INFO - 2025-04-24 10:32:19 --> Session: Class initialized using 'CodeIgniter\Session\Handlers\FileHandler' driver.
INFO - 2025-04-24 10:32:54 --> Session: Class initialized using 'CodeIgniter\Session\Handlers\FileHandler' driver.
INFO - 2025-04-24 10:33:16 --> Session: Class initialized using 'CodeIgniter\Session\Handlers\FileHandler' driver.
INFO - 2025-04-24 10:33:18 --> Session: Class initialized using 'CodeIgniter\Session\Handlers\FileHandler' driver.
INFO - 2025-04-24 10:33:19 --> Session: Class initialized using 'CodeIgniter\Session\Handlers\FileHandler' driver.
INFO - 2025-04-24 10:33:29 --> Session: Class initialized using 'CodeIgniter\Session\Handlers\FileHandler' driver.
INFO - 2025-04-24 10:33:41 --> Session: Class initialized using 'CodeIgniter\Session\Handlers\FileHandler' driver.
INFO - 2025-04-24 10:33:43 --> Session: Class initialized using 'CodeIgniter\Session\Handlers\FileHandler' driver.
INFO - 2025-04-24 10:34:01 --> Session: Class initialized using 'CodeIgniter\Session\Handlers\FileHandler' driver.
CRITICAL - 2025-04-24 10:34:01 --> Call to undefined method CodeIgniter\Database\MySQLi\Builder::insertID()
in APPPATH\Controllers\ConUserCarBooking.php on line 210.
 1 SYSTEMPATH\CodeIgniter.php(934): App\Controllers\ConUserCarBooking->CarBookingInsert()
 2 SYSTEMPATH\CodeIgniter.php(499): CodeIgniter\CodeIgniter->runController(Object(App\Controllers\ConUserCarBooking))
 3 SYSTEMPATH\CodeIgniter.php(368): CodeIgniter\CodeIgniter->handleRequest(null, Object(Config\Cache), false)
 4 FCPATH\index.php(67): CodeIgniter\CodeIgniter->run()
INFO - 2025-04-24 10:37:12 --> Session: Class initialized using 'CodeIgniter\Session\Handlers\FileHandler' driver.
INFO - 2025-04-24 10:37:36 --> Session: Class initialized using 'CodeIgniter\Session\Handlers\FileHandler' driver.
CRITICAL - 2025-04-24 10:37:36 --> Call to undefined method CodeIgniter\Database\MySQLi\Builder::insertID()
in APPPATH\Controllers\ConUserCarBooking.php on line 210.
 1 SYSTEMPATH\CodeIgniter.php(934): App\Controllers\ConUserCarBooking->CarBookingInsert()
 2 SYSTEMPATH\CodeIgniter.php(499): CodeIgniter\CodeIgniter->runController(Object(App\Controllers\ConUserCarBooking))
 3 SYSTEMPATH\CodeIgniter.php(368): CodeIgniter\CodeIgniter->handleRequest(null, Object(Config\Cache), false)
 4 FCPATH\index.php(67): CodeIgniter\CodeIgniter->run()
INFO - 2025-04-24 10:39:09 --> Session: Class initialized using 'CodeIgniter\Session\Handlers\FileHandler' driver.
INFO - 2025-04-24 10:39:26 --> Session: Class initialized using 'CodeIgniter\Session\Handlers\FileHandler' driver.
INFO - 2025-04-24 10:39:41 --> Session: Class initialized using 'CodeIgniter\Session\Handlers\FileHandler' driver.
INFO - 2025-04-24 10:39:41 --> Session: Class initialized using 'CodeIgniter\Session\Handlers\FileHandler' driver.
CRITICAL - 2025-04-24 11:27:19 --> syntax error, unexpected token ".", expecting "->" or "?->" or "{" or "["
in APPPATH\Controllers\ConUserCarBooking.php on line 239.
 1 SYSTEMPATH\Autoloader\Autoloader.php(289): CodeIgniter\Autoloader\Autoloader->includeFile('D:\\xampp\\htdocs\\general\\app\\Controllers\\ConUserCarBooking.php')
 2 SYSTEMPATH\Autoloader\Autoloader.php(267): CodeIgniter\Autoloader\Autoloader->loadInNamespace('App\\Controllers\\ConUserCarBooking')
 3 [internal function]: CodeIgniter\Autoloader\Autoloader->loadClass('App\\Controllers\\ConUserCarBooking')
 4 SYSTEMPATH\CodeIgniter.php(892): class_exists('\\App\\Controllers\\ConUserCarBooking', true)
 5 SYSTEMPATH\CodeIgniter.php(486): CodeIgniter\CodeIgniter->startController()
 6 SYSTEMPATH\CodeIgniter.php(368): CodeIgniter\CodeIgniter->handleRequest(null, Object(Config\Cache), false)
 7 FCPATH\index.php(67): CodeIgniter\CodeIgniter->run()
CRITICAL - 2025-04-24 11:28:00 --> syntax error, unexpected token ".", expecting "->" or "?->" or "{" or "["
in APPPATH\Controllers\ConUserCarBooking.php on line 241.
 1 SYSTEMPATH\Autoloader\Autoloader.php(289): CodeIgniter\Autoloader\Autoloader->includeFile('D:\\xampp\\htdocs\\general\\app\\Controllers\\ConUserCarBooking.php')
 2 SYSTEMPATH\Autoloader\Autoloader.php(267): CodeIgniter\Autoloader\Autoloader->loadInNamespace('App\\Controllers\\ConUserCarBooking')
 3 [internal function]: CodeIgniter\Autoloader\Autoloader->loadClass('App\\Controllers\\ConUserCarBooking')
 4 SYSTEMPATH\CodeIgniter.php(892): class_exists('\\App\\Controllers\\ConUserCarBooking', true)
 5 SYSTEMPATH\CodeIgniter.php(486): CodeIgniter\CodeIgniter->startController()
 6 SYSTEMPATH\CodeIgniter.php(368): CodeIgniter\CodeIgniter->handleRequest(null, Object(Config\Cache), false)
 7 FCPATH\index.php(67): CodeIgniter\CodeIgniter->run()
CRITICAL - 2025-04-24 11:28:20 --> syntax error, unexpected token ".", expecting "->" or "?->" or "{" or "["
in APPPATH\Controllers\ConUserCarBooking.php on line 241.
 1 SYSTEMPATH\Autoloader\Autoloader.php(289): CodeIgniter\Autoloader\Autoloader->includeFile('D:\\xampp\\htdocs\\general\\app\\Controllers\\ConUserCarBooking.php')
 2 SYSTEMPATH\Autoloader\Autoloader.php(267): CodeIgniter\Autoloader\Autoloader->loadInNamespace('App\\Controllers\\ConUserCarBooking')
 3 [internal function]: CodeIgniter\Autoloader\Autoloader->loadClass('App\\Controllers\\ConUserCarBooking')
 4 SYSTEMPATH\CodeIgniter.php(892): class_exists('\\App\\Controllers\\ConUserCarBooking', true)
 5 SYSTEMPATH\CodeIgniter.php(486): CodeIgniter\CodeIgniter->startController()
 6 SYSTEMPATH\CodeIgniter.php(368): CodeIgniter\CodeIgniter->handleRequest(null, Object(Config\Cache), false)
 7 FCPATH\index.php(67): CodeIgniter\CodeIgniter->run()
INFO - 2025-04-24 11:28:41 --> Session: Class initialized using 'CodeIgniter\Session\Handlers\FileHandler' driver.
INFO - 2025-04-24 11:28:42 --> Session: Class initialized using 'CodeIgniter\Session\Handlers\FileHandler' driver.
INFO - 2025-04-24 11:28:47 --> Session: Class initialized using 'CodeIgniter\Session\Handlers\FileHandler' driver.
INFO - 2025-04-24 11:28:47 --> Session: Class initialized using 'CodeIgniter\Session\Handlers\FileHandler' driver.
INFO - 2025-04-24 11:28:48 --> Session: Class initialized using 'CodeIgniter\Session\Handlers\FileHandler' driver.
INFO - 2025-04-24 11:28:49 --> Session: Class initialized using 'CodeIgniter\Session\Handlers\FileHandler' driver.
INFO - 2025-04-24 11:29:14 --> Session: Class initialized using 'CodeIgniter\Session\Handlers\FileHandler' driver.
ERROR - 2025-04-24 11:29:14 --> mysqli_sql_exception: Not unique table/alias: 'tb_car_reservation' in D:\xampp\htdocs\general\vendor\codeigniter4\framework\system\Database\MySQLi\Connection.php:295
Stack trace:
#0 D:\xampp\htdocs\general\vendor\codeigniter4\framework\system\Database\MySQLi\Connection.php(295): mysqli->query('SELECT `skjacth...', 0)
#1 D:\xampp\htdocs\general\vendor\codeigniter4\framework\system\Database\BaseConnection.php(692): CodeIgniter\Database\MySQLi\Connection->execute('SELECT `skjacth...')
#2 D:\xampp\htdocs\general\vendor\codeigniter4\framework\system\Database\BaseConnection.php(606): CodeIgniter\Database\BaseConnection->simpleQuery('SELECT `skjacth...')
#3 D:\xampp\htdocs\general\vendor\codeigniter4\framework\system\Database\BaseBuilder.php(1616): CodeIgniter\Database\BaseConnection->query('SELECT `skjacth...', Array, false)
#4 D:\xampp\htdocs\general\app\Controllers\ConUserCarBooking.php(235): CodeIgniter\Database\BaseBuilder->get()
#5 D:\xampp\htdocs\general\vendor\codeigniter4\framework\system\CodeIgniter.php(934): App\Controllers\ConUserCarBooking->CarBookingInsert()
#6 D:\xampp\htdocs\general\vendor\codeigniter4\framework\system\CodeIgniter.php(499): CodeIgniter\CodeIgniter->runController(Object(App\Controllers\ConUserCarBooking))
#7 D:\xampp\htdocs\general\vendor\codeigniter4\framework\system\CodeIgniter.php(368): CodeIgniter\CodeIgniter->handleRequest(NULL, Object(Config\Cache), false)
#8 D:\xampp\htdocs\general\index.php(67): CodeIgniter\CodeIgniter->run()
#9 {main}
CRITICAL - 2025-04-24 11:29:14 --> Not unique table/alias: 'tb_car_reservation'
in SYSTEMPATH\Database\MySQLi\Connection.php on line 295.
 1 SYSTEMPATH\Database\MySQLi\Connection.php(295): mysqli->query('SELECT `skjacth_general`.`tb_school_car`.`car_registration`, `skjacth_general`.`tb_school_car`.`car_province`, `skjacth_general`.`tb_school_car`.`car_category`, `skjacth_general`.`tb_car_reservation`.`car_reserv_location`, `skjacth_general`.`tb_car_reservation`.`car_reserv_memberID`, `skjacth_general`.`tb_car_reservation`.`car_reserv_created_at`, `skjacth_general`.`tb_car_reservation`.`car_reserv_detail`, `skjacth_personnel`.`tb_personnel`.`pers_prefix`, `skjacth_personnel`.`tb_personnel`.`pers_firstname`, `skjacth_personnel`.`tb_personnel`.`pers_lastname`, `skjacth_general`.`tb_car_reservation`.`car_reserv_number`, `skjacth_general`.`tb_car_reservation`.`car_reserv_StartDate`, `skjacth_general`.`tb_car_reservation`.`car_reserv_StartTime`, `skjacth_general`.`tb_car_reservation`.`car_reserv_EndDate`, `skjacth_general`.`tb_car_reservation`.`car_reserv_EndTime`
FROM (`tb_car_reservation`, `skjacth_general`.`tb_car_reservation`)
JOIN `skjacth_general`.`tb_school_car` ON `skjacth_general`.`tb_school_car`.`car_ID` = `skjacth_general`.`tb_car_reservation`.`car_reserv_carID`
JOIN `skjacth_personnel`.`tb_personnel` ON `skjacth_personnel`.`tb_personnel`.`pers_id` = `skjacth_general`.`tb_car_reservation`.`car_reserv_memberID`
WHERE `car_reserv_id` = 18', 0)
 2 SYSTEMPATH\Database\BaseConnection.php(692): CodeIgniter\Database\MySQLi\Connection->execute('SELECT `skjacth_general`.`tb_school_car`.`car_registration`, `skjacth_general`.`tb_school_car`.`car_province`, `skjacth_general`.`tb_school_car`.`car_category`, `skjacth_general`.`tb_car_reservation`.`car_reserv_location`, `skjacth_general`.`tb_car_reservation`.`car_reserv_memberID`, `skjacth_general`.`tb_car_reservation`.`car_reserv_created_at`, `skjacth_general`.`tb_car_reservation`.`car_reserv_detail`, `skjacth_personnel`.`tb_personnel`.`pers_prefix`, `skjacth_personnel`.`tb_personnel`.`pers_firstname`, `skjacth_personnel`.`tb_personnel`.`pers_lastname`, `skjacth_general`.`tb_car_reservation`.`car_reserv_number`, `skjacth_general`.`tb_car_reservation`.`car_reserv_StartDate`, `skjacth_general`.`tb_car_reservation`.`car_reserv_StartTime`, `skjacth_general`.`tb_car_reservation`.`car_reserv_EndDate`, `skjacth_general`.`tb_car_reservation`.`car_reserv_EndTime`
FROM (`tb_car_reservation`, `skjacth_general`.`tb_car_reservation`)
JOIN `skjacth_general`.`tb_school_car` ON `skjacth_general`.`tb_school_car`.`car_ID` = `skjacth_general`.`tb_car_reservation`.`car_reserv_carID`
JOIN `skjacth_personnel`.`tb_personnel` ON `skjacth_personnel`.`tb_personnel`.`pers_id` = `skjacth_general`.`tb_car_reservation`.`car_reserv_memberID`
WHERE `car_reserv_id` = 18')
 3 SYSTEMPATH\Database\BaseConnection.php(606): CodeIgniter\Database\BaseConnection->simpleQuery('SELECT `skjacth_general`.`tb_school_car`.`car_registration`, `skjacth_general`.`tb_school_car`.`car_province`, `skjacth_general`.`tb_school_car`.`car_category`, `skjacth_general`.`tb_car_reservation`.`car_reserv_location`, `skjacth_general`.`tb_car_reservation`.`car_reserv_memberID`, `skjacth_general`.`tb_car_reservation`.`car_reserv_created_at`, `skjacth_general`.`tb_car_reservation`.`car_reserv_detail`, `skjacth_personnel`.`tb_personnel`.`pers_prefix`, `skjacth_personnel`.`tb_personnel`.`pers_firstname`, `skjacth_personnel`.`tb_personnel`.`pers_lastname`, `skjacth_general`.`tb_car_reservation`.`car_reserv_number`, `skjacth_general`.`tb_car_reservation`.`car_reserv_StartDate`, `skjacth_general`.`tb_car_reservation`.`car_reserv_StartTime`, `skjacth_general`.`tb_car_reservation`.`car_reserv_EndDate`, `skjacth_general`.`tb_car_reservation`.`car_reserv_EndTime`
FROM (`tb_car_reservation`, `skjacth_general`.`tb_car_reservation`)
JOIN `skjacth_general`.`tb_school_car` ON `skjacth_general`.`tb_school_car`.`car_ID` = `skjacth_general`.`tb_car_reservation`.`car_reserv_carID`
JOIN `skjacth_personnel`.`tb_personnel` ON `skjacth_personnel`.`tb_personnel`.`pers_id` = `skjacth_general`.`tb_car_reservation`.`car_reserv_memberID`
WHERE `car_reserv_id` = 18')
 4 SYSTEMPATH\Database\BaseBuilder.php(1616): CodeIgniter\Database\BaseConnection->query('SELECT `skjacth_general`.`tb_school_car`.`car_registration`, `skjacth_general`.`tb_school_car`.`car_province`, `skjacth_general`.`tb_school_car`.`car_category`, `skjacth_general`.`tb_car_reservation`.`car_reserv_location`, `skjacth_general`.`tb_car_reservation`.`car_reserv_memberID`, `skjacth_general`.`tb_car_reservation`.`car_reserv_created_at`, `skjacth_general`.`tb_car_reservation`.`car_reserv_detail`, `skjacth_personnel`.`tb_personnel`.`pers_prefix`, `skjacth_personnel`.`tb_personnel`.`pers_firstname`, `skjacth_personnel`.`tb_personnel`.`pers_lastname`, `skjacth_general`.`tb_car_reservation`.`car_reserv_number`, `skjacth_general`.`tb_car_reservation`.`car_reserv_StartDate`, `skjacth_general`.`tb_car_reservation`.`car_reserv_StartTime`, `skjacth_general`.`tb_car_reservation`.`car_reserv_EndDate`, `skjacth_general`.`tb_car_reservation`.`car_reserv_EndTime`
FROM (`tb_car_reservation`, `skjacth_general`.`tb_car_reservation`)
JOIN `skjacth_general`.`tb_school_car` ON `skjacth_general`.`tb_school_car`.`car_ID` = `skjacth_general`.`tb_car_reservation`.`car_reserv_carID`
JOIN `skjacth_personnel`.`tb_personnel` ON `skjacth_personnel`.`tb_personnel`.`pers_id` = `skjacth_general`.`tb_car_reservation`.`car_reserv_memberID`
WHERE `car_reserv_id` = :car_reserv_id:', [...], false)
 5 APPPATH\Controllers\ConUserCarBooking.php(235): CodeIgniter\Database\BaseBuilder->get()
 6 SYSTEMPATH\CodeIgniter.php(934): App\Controllers\ConUserCarBooking->CarBookingInsert()
 7 SYSTEMPATH\CodeIgniter.php(499): CodeIgniter\CodeIgniter->runController(Object(App\Controllers\ConUserCarBooking))
 8 SYSTEMPATH\CodeIgniter.php(368): CodeIgniter\CodeIgniter->handleRequest(null, Object(Config\Cache), false)
 9 FCPATH\index.php(67): CodeIgniter\CodeIgniter->run()
INFO - 2025-04-24 14:20:14 --> Session: Class initialized using 'CodeIgniter\Session\Handlers\FileHandler' driver.
CRITICAL - 2025-04-24 14:20:14 --> Undefined array key "rloes"
in APPPATH\Views\User\UserCarBooking\UserCarBookingAdd.php on line 14.
 1 APPPATH\Views\User\UserCarBooking\UserCarBookingAdd.php(14): CodeIgniter\Debug\Exceptions->errorHandler(2, 'Undefined array key "rloes"', 'D:\\xampp\\htdocs\\general\\app\\Views\\User\\UserCarBooking\\UserCarBookingAdd.php', 14)
 2 SYSTEMPATH\View\View.php(213): include('D:\\xampp\\htdocs\\general\\app\\Views\\User\\UserCarBooking\\UserCarBookingAdd.php')
 3 SYSTEMPATH\View\View.php(216): CodeIgniter\View\View->CodeIgniter\View\{closure}()
 4 SYSTEMPATH\Common.php(1184): CodeIgniter\View\View->render('User/UserCarBooking/UserCarBookingAdd', [], true)
 5 APPPATH\Controllers\ConUserCarBooking.php(181): view('User/UserCarBooking/UserCarBookingAdd')
 6 SYSTEMPATH\CodeIgniter.php(934): App\Controllers\ConUserCarBooking->CarBookingAdd('4')
 7 SYSTEMPATH\CodeIgniter.php(499): CodeIgniter\CodeIgniter->runController(Object(App\Controllers\ConUserCarBooking))
 8 SYSTEMPATH\CodeIgniter.php(368): CodeIgniter\CodeIgniter->handleRequest(null, Object(Config\Cache), false)
 9 FCPATH\index.php(67): CodeIgniter\CodeIgniter->run()
INFO - 2025-04-24 14:20:21 --> Session: Class initialized using 'CodeIgniter\Session\Handlers\FileHandler' driver.
CRITICAL - 2025-04-24 14:20:21 --> Undefined array key "rloes"
in APPPATH\Views\User\UserCarBooking\UserCarBookingAdd.php on line 14.
 1 APPPATH\Views\User\UserCarBooking\UserCarBookingAdd.php(14): CodeIgniter\Debug\Exceptions->errorHandler(2, 'Undefined array key "rloes"', 'D:\\xampp\\htdocs\\general\\app\\Views\\User\\UserCarBooking\\UserCarBookingAdd.php', 14)
 2 SYSTEMPATH\View\View.php(213): include('D:\\xampp\\htdocs\\general\\app\\Views\\User\\UserCarBooking\\UserCarBookingAdd.php')
 3 SYSTEMPATH\View\View.php(216): CodeIgniter\View\View->CodeIgniter\View\{closure}()
 4 SYSTEMPATH\Common.php(1184): CodeIgniter\View\View->render('User/UserCarBooking/UserCarBookingAdd', [], true)
 5 APPPATH\Controllers\ConUserCarBooking.php(181): view('User/UserCarBooking/UserCarBookingAdd')
 6 SYSTEMPATH\CodeIgniter.php(934): App\Controllers\ConUserCarBooking->CarBookingAdd('4')
 7 SYSTEMPATH\CodeIgniter.php(499): CodeIgniter\CodeIgniter->runController(Object(App\Controllers\ConUserCarBooking))
 8 SYSTEMPATH\CodeIgniter.php(368): CodeIgniter\CodeIgniter->handleRequest(null, Object(Config\Cache), false)
 9 FCPATH\index.php(67): CodeIgniter\CodeIgniter->run()
INFO - 2025-04-24 14:21:32 --> Session: Class initialized using 'CodeIgniter\Session\Handlers\FileHandler' driver.
INFO - 2025-04-24 14:21:32 --> Session: Class initialized using 'CodeIgniter\Session\Handlers\FileHandler' driver.
CRITICAL - 2025-04-24 14:21:32 --> Request URI segment is out of range: "1"
in SYSTEMPATH\HTTP\URI.php on line 549.
 1 SYSTEMPATH\HTTP\URI.php(549): CodeIgniter\HTTP\Exceptions\HTTPException::forURISegmentOutOfRange(1)
 2 APPPATH\Views\User\UserLeyout\UserFooter.php(85): CodeIgniter\HTTP\URI->getSegment(1)
 3 SYSTEMPATH\View\View.php(213): include('D:\\xampp\\htdocs\\general\\app\\Views\\User\\UserLeyout\\UserFooter.php')
 4 SYSTEMPATH\View\View.php(216): CodeIgniter\View\View->CodeIgniter\View\{closure}()
 5 SYSTEMPATH\Common.php(1184): CodeIgniter\View\View->render('User/UserLeyout/UserFooter', [], true)
 6 APPPATH\Controllers\ConUserHome.php(39): view('User/UserLeyout/UserFooter')
 7 SYSTEMPATH\CodeIgniter.php(934): App\Controllers\ConUserHome->index()
 8 SYSTEMPATH\CodeIgniter.php(499): CodeIgniter\CodeIgniter->runController(Object(App\Controllers\ConUserHome))
 9 SYSTEMPATH\CodeIgniter.php(368): CodeIgniter\CodeIgniter->handleRequest(null, Object(Config\Cache), false)
10 FCPATH\index.php(67): CodeIgniter\CodeIgniter->run()
INFO - 2025-04-24 14:21:40 --> Session: Class initialized using 'CodeIgniter\Session\Handlers\FileHandler' driver.
CRITICAL - 2025-04-24 14:21:40 --> Request URI segment is out of range: "1"
in SYSTEMPATH\HTTP\URI.php on line 549.
 1 SYSTEMPATH\HTTP\URI.php(549): CodeIgniter\HTTP\Exceptions\HTTPException::forURISegmentOutOfRange(1)
 2 APPPATH\Views\User\UserLeyout\UserFooter.php(85): CodeIgniter\HTTP\URI->getSegment(1)
 3 SYSTEMPATH\View\View.php(213): include('D:\\xampp\\htdocs\\general\\app\\Views\\User\\UserLeyout\\UserFooter.php')
 4 SYSTEMPATH\View\View.php(216): CodeIgniter\View\View->CodeIgniter\View\{closure}()
 5 SYSTEMPATH\Common.php(1184): CodeIgniter\View\View->render('User/UserLeyout/UserFooter', [], true)
 6 APPPATH\Controllers\ConUserHome.php(39): view('User/UserLeyout/UserFooter')
 7 SYSTEMPATH\CodeIgniter.php(934): App\Controllers\ConUserHome->index()
 8 SYSTEMPATH\CodeIgniter.php(499): CodeIgniter\CodeIgniter->runController(Object(App\Controllers\ConUserHome))
 9 SYSTEMPATH\CodeIgniter.php(368): CodeIgniter\CodeIgniter->handleRequest(null, Object(Config\Cache), false)
10 FCPATH\index.php(67): CodeIgniter\CodeIgniter->run()
INFO - 2025-04-24 14:21:49 --> Session: Class initialized using 'CodeIgniter\Session\Handlers\FileHandler' driver.
CRITICAL - 2025-04-24 14:21:49 --> Request URI segment is out of range: "1"
in SYSTEMPATH\HTTP\URI.php on line 549.
 1 SYSTEMPATH\HTTP\URI.php(549): CodeIgniter\HTTP\Exceptions\HTTPException::forURISegmentOutOfRange(1)
 2 APPPATH\Views\User\UserLeyout\UserFooter.php(85): CodeIgniter\HTTP\URI->getSegment(1)
 3 SYSTEMPATH\View\View.php(213): include('D:\\xampp\\htdocs\\general\\app\\Views\\User\\UserLeyout\\UserFooter.php')
 4 SYSTEMPATH\View\View.php(216): CodeIgniter\View\View->CodeIgniter\View\{closure}()
 5 SYSTEMPATH\Common.php(1184): CodeIgniter\View\View->render('User/UserLeyout/UserFooter', [], true)
 6 APPPATH\Controllers\ConUserHome.php(39): view('User/UserLeyout/UserFooter')
 7 SYSTEMPATH\CodeIgniter.php(934): App\Controllers\ConUserHome->index()
 8 SYSTEMPATH\CodeIgniter.php(499): CodeIgniter\CodeIgniter->runController(Object(App\Controllers\ConUserHome))
 9 SYSTEMPATH\CodeIgniter.php(368): CodeIgniter\CodeIgniter->handleRequest(null, Object(Config\Cache), false)
10 FCPATH\index.php(67): CodeIgniter\CodeIgniter->run()
INFO - 2025-04-24 14:22:22 --> Session: Class initialized using 'CodeIgniter\Session\Handlers\FileHandler' driver.
CRITICAL - 2025-04-24 14:22:22 --> Request URI segment is out of range: "1"
in SYSTEMPATH\HTTP\URI.php on line 549.
 1 SYSTEMPATH\HTTP\URI.php(549): CodeIgniter\HTTP\Exceptions\HTTPException::forURISegmentOutOfRange(1)
 2 APPPATH\Views\User\UserLeyout\UserFooter.php(85): CodeIgniter\HTTP\URI->getSegment(1)
 3 SYSTEMPATH\View\View.php(213): include('D:\\xampp\\htdocs\\general\\app\\Views\\User\\UserLeyout\\UserFooter.php')
 4 SYSTEMPATH\View\View.php(216): CodeIgniter\View\View->CodeIgniter\View\{closure}()
 5 SYSTEMPATH\Common.php(1184): CodeIgniter\View\View->render('User/UserLeyout/UserFooter', [], true)
 6 APPPATH\Controllers\ConUserHome.php(39): view('User/UserLeyout/UserFooter')
 7 SYSTEMPATH\CodeIgniter.php(934): App\Controllers\ConUserHome->index()
 8 SYSTEMPATH\CodeIgniter.php(499): CodeIgniter\CodeIgniter->runController(Object(App\Controllers\ConUserHome))
 9 SYSTEMPATH\CodeIgniter.php(368): CodeIgniter\CodeIgniter->handleRequest(null, Object(Config\Cache), false)
10 FCPATH\index.php(67): CodeIgniter\CodeIgniter->run()
INFO - 2025-04-24 14:22:31 --> Session: Class initialized using 'CodeIgniter\Session\Handlers\FileHandler' driver.
CRITICAL - 2025-04-24 14:22:31 --> Request URI segment is out of range: "1"
in SYSTEMPATH\HTTP\URI.php on line 549.
 1 SYSTEMPATH\HTTP\URI.php(549): CodeIgniter\HTTP\Exceptions\HTTPException::forURISegmentOutOfRange(1)
 2 APPPATH\Views\User\UserLeyout\UserFooter.php(85): CodeIgniter\HTTP\URI->getSegment(1)
 3 SYSTEMPATH\View\View.php(213): include('D:\\xampp\\htdocs\\general\\app\\Views\\User\\UserLeyout\\UserFooter.php')
 4 SYSTEMPATH\View\View.php(216): CodeIgniter\View\View->CodeIgniter\View\{closure}()
 5 SYSTEMPATH\Common.php(1184): CodeIgniter\View\View->render('User/UserLeyout/UserFooter', [], true)
 6 APPPATH\Controllers\ConUserHome.php(39): view('User/UserLeyout/UserFooter')
 7 SYSTEMPATH\CodeIgniter.php(934): App\Controllers\ConUserHome->index()
 8 SYSTEMPATH\CodeIgniter.php(499): CodeIgniter\CodeIgniter->runController(Object(App\Controllers\ConUserHome))
 9 SYSTEMPATH\CodeIgniter.php(368): CodeIgniter\CodeIgniter->handleRequest(null, Object(Config\Cache), false)
10 FCPATH\index.php(67): CodeIgniter\CodeIgniter->run()
INFO - 2025-04-24 14:23:09 --> Session: Class initialized using 'CodeIgniter\Session\Handlers\FileHandler' driver.
CRITICAL - 2025-04-24 14:23:09 --> Request URI segment is out of range: "1"
in SYSTEMPATH\HTTP\URI.php on line 549.
 1 SYSTEMPATH\HTTP\URI.php(549): CodeIgniter\HTTP\Exceptions\HTTPException::forURISegmentOutOfRange(1)
 2 APPPATH\Views\User\UserLeyout\UserFooter.php(85): CodeIgniter\HTTP\URI->getSegment(1)
 3 SYSTEMPATH\View\View.php(213): include('D:\\xampp\\htdocs\\general\\app\\Views\\User\\UserLeyout\\UserFooter.php')
 4 SYSTEMPATH\View\View.php(216): CodeIgniter\View\View->CodeIgniter\View\{closure}()
 5 SYSTEMPATH\Common.php(1184): CodeIgniter\View\View->render('User/UserLeyout/UserFooter', [], true)
 6 APPPATH\Controllers\ConUserHome.php(39): view('User/UserLeyout/UserFooter')
 7 SYSTEMPATH\CodeIgniter.php(934): App\Controllers\ConUserHome->index()
 8 SYSTEMPATH\CodeIgniter.php(499): CodeIgniter\CodeIgniter->runController(Object(App\Controllers\ConUserHome))
 9 SYSTEMPATH\CodeIgniter.php(368): CodeIgniter\CodeIgniter->handleRequest(null, Object(Config\Cache), false)
10 FCPATH\index.php(67): CodeIgniter\CodeIgniter->run()
INFO - 2025-04-24 14:23:21 --> Session: Class initialized using 'CodeIgniter\Session\Handlers\FileHandler' driver.
INFO - 2025-04-24 14:23:25 --> Session: Class initialized using 'CodeIgniter\Session\Handlers\FileHandler' driver.
INFO - 2025-04-24 14:23:25 --> Session: Class initialized using 'CodeIgniter\Session\Handlers\FileHandler' driver.
INFO - 2025-04-24 14:23:26 --> Session: Class initialized using 'CodeIgniter\Session\Handlers\FileHandler' driver.
INFO - 2025-04-24 14:23:28 --> Session: Class initialized using 'CodeIgniter\Session\Handlers\FileHandler' driver.
INFO - 2025-04-24 14:23:30 --> Session: Class initialized using 'CodeIgniter\Session\Handlers\FileHandler' driver.
INFO - 2025-04-24 14:23:31 --> Session: Class initialized using 'CodeIgniter\Session\Handlers\FileHandler' driver.
INFO - 2025-04-24 14:23:32 --> Session: Class initialized using 'CodeIgniter\Session\Handlers\FileHandler' driver.
INFO - 2025-04-24 14:23:32 --> Session: Class initialized using 'CodeIgniter\Session\Handlers\FileHandler' driver.
INFO - 2025-04-24 14:23:50 --> Session: Class initialized using 'CodeIgniter\Session\Handlers\FileHandler' driver.
INFO - 2025-04-24 14:23:54 --> Session: Class initialized using 'CodeIgniter\Session\Handlers\FileHandler' driver.
INFO - 2025-04-24 14:23:54 --> Session: Class initialized using 'CodeIgniter\Session\Handlers\FileHandler' driver.
INFO - 2025-04-24 14:24:21 --> Session: Class initialized using 'CodeIgniter\Session\Handlers\FileHandler' driver.
INFO - 2025-04-24 14:24:21 --> Session: Class initialized using 'CodeIgniter\Session\Handlers\FileHandler' driver.
INFO - 2025-04-24 14:24:23 --> Session: Class initialized using 'CodeIgniter\Session\Handlers\FileHandler' driver.
INFO - 2025-04-24 14:24:23 --> Session: Class initialized using 'CodeIgniter\Session\Handlers\FileHandler' driver.
INFO - 2025-04-24 14:24:23 --> Session: Class initialized using 'CodeIgniter\Session\Handlers\FileHandler' driver.
INFO - 2025-04-24 14:25:30 --> Session: Class initialized using 'CodeIgniter\Session\Handlers\FileHandler' driver.
INFO - 2025-04-24 14:25:30 --> Session: Class initialized using 'CodeIgniter\Session\Handlers\FileHandler' driver.
INFO - 2025-04-24 14:25:31 --> Session: Class initialized using 'CodeIgniter\Session\Handlers\FileHandler' driver.
INFO - 2025-04-24 14:25:32 --> Session: Class initialized using 'CodeIgniter\Session\Handlers\FileHandler' driver.
INFO - 2025-04-24 14:25:32 --> Session: Class initialized using 'CodeIgniter\Session\Handlers\FileHandler' driver.
INFO - 2025-04-24 14:25:34 --> Session: Class initialized using 'CodeIgniter\Session\Handlers\FileHandler' driver.
INFO - 2025-04-24 14:41:00 --> Session: Class initialized using 'CodeIgniter\Session\Handlers\FileHandler' driver.
INFO - 2025-04-24 14:41:00 --> Session: Class initialized using 'CodeIgniter\Session\Handlers\FileHandler' driver.
INFO - 2025-04-24 14:41:13 --> Session: Class initialized using 'CodeIgniter\Session\Handlers\FileHandler' driver.
INFO - 2025-04-24 14:41:18 --> Session: Class initialized using 'CodeIgniter\Session\Handlers\FileHandler' driver.
INFO - 2025-04-24 14:41:18 --> Session: Class initialized using 'CodeIgniter\Session\Handlers\FileHandler' driver.
INFO - 2025-04-24 14:41:24 --> Session: Class initialized using 'CodeIgniter\Session\Handlers\FileHandler' driver.
INFO - 2025-04-24 14:41:35 --> Session: Class initialized using 'CodeIgniter\Session\Handlers\FileHandler' driver.
INFO - 2025-04-24 14:41:38 --> Session: Class initialized using 'CodeIgniter\Session\Handlers\FileHandler' driver.
INFO - 2025-04-24 14:41:39 --> Session: Class initialized using 'CodeIgniter\Session\Handlers\FileHandler' driver.
INFO - 2025-04-24 14:45:59 --> Session: Class initialized using 'CodeIgniter\Session\Handlers\FileHandler' driver.
INFO - 2025-04-24 14:45:59 --> Session: Class initialized using 'CodeIgniter\Session\Handlers\FileHandler' driver.
INFO - 2025-04-24 14:46:17 --> Session: Class initialized using 'CodeIgniter\Session\Handlers\FileHandler' driver.
INFO - 2025-04-24 14:46:19 --> Session: Class initialized using 'CodeIgniter\Session\Handlers\FileHandler' driver.
INFO - 2025-04-24 14:46:19 --> Session: Class initialized using 'CodeIgniter\Session\Handlers\FileHandler' driver.
INFO - 2025-04-24 14:49:29 --> Session: Class initialized using 'CodeIgniter\Session\Handlers\FileHandler' driver.
INFO - 2025-04-24 14:49:30 --> Session: Class initialized using 'CodeIgniter\Session\Handlers\FileHandler' driver.
INFO - 2025-04-24 14:49:58 --> Session: Class initialized using 'CodeIgniter\Session\Handlers\FileHandler' driver.
INFO - 2025-04-24 14:49:58 --> Session: Class initialized using 'CodeIgniter\Session\Handlers\FileHandler' driver.
INFO - 2025-04-24 14:50:36 --> Session: Class initialized using 'CodeIgniter\Session\Handlers\FileHandler' driver.
INFO - 2025-04-24 14:50:36 --> Session: Class initialized using 'CodeIgniter\Session\Handlers\FileHandler' driver.
INFO - 2025-04-24 14:54:59 --> Session: Class initialized using 'CodeIgniter\Session\Handlers\FileHandler' driver.
INFO - 2025-04-24 14:54:59 --> Session: Class initialized using 'CodeIgniter\Session\Handlers\FileHandler' driver.
INFO - 2025-04-24 14:55:21 --> Session: Class initialized using 'CodeIgniter\Session\Handlers\FileHandler' driver.
INFO - 2025-04-24 14:55:49 --> Session: Class initialized using 'CodeIgniter\Session\Handlers\FileHandler' driver.
INFO - 2025-04-24 14:55:50 --> Session: Class initialized using 'CodeIgniter\Session\Handlers\FileHandler' driver.
INFO - 2025-04-24 15:02:38 --> Session: Class initialized using 'CodeIgniter\Session\Handlers\FileHandler' driver.
INFO - 2025-04-24 15:02:38 --> Session: Class initialized using 'CodeIgniter\Session\Handlers\FileHandler' driver.
INFO - 2025-04-24 15:02:41 --> Session: Class initialized using 'CodeIgniter\Session\Handlers\FileHandler' driver.
INFO - 2025-04-24 15:02:42 --> Session: Class initialized using 'CodeIgniter\Session\Handlers\FileHandler' driver.
INFO - 2025-04-24 15:02:59 --> Session: Class initialized using 'CodeIgniter\Session\Handlers\FileHandler' driver.
INFO - 2025-04-24 15:02:59 --> Session: Class initialized using 'CodeIgniter\Session\Handlers\FileHandler' driver.
INFO - 2025-04-24 15:03:02 --> Session: Class initialized using 'CodeIgniter\Session\Handlers\FileHandler' driver.
INFO - 2025-04-24 15:03:23 --> Session: Class initialized using 'CodeIgniter\Session\Handlers\FileHandler' driver.
INFO - 2025-04-24 15:03:23 --> Session: Class initialized using 'CodeIgniter\Session\Handlers\FileHandler' driver.
INFO - 2025-04-24 15:03:30 --> Session: Class initialized using 'CodeIgniter\Session\Handlers\FileHandler' driver.
INFO - 2025-04-24 15:03:30 --> Session: Class initialized using 'CodeIgniter\Session\Handlers\FileHandler' driver.
INFO - 2025-04-24 15:03:33 --> Session: Class initialized using 'CodeIgniter\Session\Handlers\FileHandler' driver.
INFO - 2025-04-24 15:03:33 --> Session: Class initialized using 'CodeIgniter\Session\Handlers\FileHandler' driver.
INFO - 2025-04-24 15:03:36 --> Session: Class initialized using 'CodeIgniter\Session\Handlers\FileHandler' driver.
INFO - 2025-04-24 15:03:37 --> Session: Class initialized using 'CodeIgniter\Session\Handlers\FileHandler' driver.
INFO - 2025-04-24 15:03:37 --> Session: Class initialized using 'CodeIgniter\Session\Handlers\FileHandler' driver.
INFO - 2025-04-24 15:03:39 --> Session: Class initialized using 'CodeIgniter\Session\Handlers\FileHandler' driver.
INFO - 2025-04-24 15:03:39 --> Session: Class initialized using 'CodeIgniter\Session\Handlers\FileHandler' driver.
INFO - 2025-04-24 15:03:41 --> Session: Class initialized using 'CodeIgniter\Session\Handlers\FileHandler' driver.
INFO - 2025-04-24 15:04:13 --> Session: Class initialized using 'CodeIgniter\Session\Handlers\FileHandler' driver.
INFO - 2025-04-24 15:04:15 --> Session: Class initialized using 'CodeIgniter\Session\Handlers\FileHandler' driver.
INFO - 2025-04-24 15:04:15 --> Session: Class initialized using 'CodeIgniter\Session\Handlers\FileHandler' driver.
INFO - 2025-04-24 15:04:21 --> Session: Class initialized using 'CodeIgniter\Session\Handlers\FileHandler' driver.
INFO - 2025-04-24 15:04:27 --> Session: Class initialized using 'CodeIgniter\Session\Handlers\FileHandler' driver.
INFO - 2025-04-24 15:04:28 --> Session: Class initialized using 'CodeIgniter\Session\Handlers\FileHandler' driver.
INFO - 2025-04-24 15:13:08 --> Session: Class initialized using 'CodeIgniter\Session\Handlers\FileHandler' driver.
INFO - 2025-04-24 15:13:08 --> Session: Class initialized using 'CodeIgniter\Session\Handlers\FileHandler' driver.
INFO - 2025-04-24 15:21:15 --> Session: Class initialized using 'CodeIgniter\Session\Handlers\FileHandler' driver.
INFO - 2025-04-24 15:21:15 --> Session: Class initialized using 'CodeIgniter\Session\Handlers\FileHandler' driver.
INFO - 2025-04-24 15:21:17 --> Session: Class initialized using 'CodeIgniter\Session\Handlers\FileHandler' driver.
INFO - 2025-04-24 15:21:20 --> Session: Class initialized using 'CodeIgniter\Session\Handlers\FileHandler' driver.
INFO - 2025-04-24 15:21:22 --> Session: Class initialized using 'CodeIgniter\Session\Handlers\FileHandler' driver.
INFO - 2025-04-24 15:21:24 --> Session: Class initialized using 'CodeIgniter\Session\Handlers\FileHandler' driver.
INFO - 2025-04-24 15:21:49 --> Session: Class initialized using 'CodeIgniter\Session\Handlers\FileHandler' driver.
INFO - 2025-04-24 15:21:53 --> Session: Class initialized using 'CodeIgniter\Session\Handlers\FileHandler' driver.
INFO - 2025-04-24 15:22:02 --> Session: Class initialized using 'CodeIgniter\Session\Handlers\FileHandler' driver.
INFO - 2025-04-24 15:22:06 --> Session: Class initialized using 'CodeIgniter\Session\Handlers\FileHandler' driver.
INFO - 2025-04-24 15:22:14 --> Session: Class initialized using 'CodeIgniter\Session\Handlers\FileHandler' driver.
INFO - 2025-04-24 15:22:21 --> Session: Class initialized using 'CodeIgniter\Session\Handlers\FileHandler' driver.
INFO - 2025-04-24 15:22:21 --> Session: Class initialized using 'CodeIgniter\Session\Handlers\FileHandler' driver.
INFO - 2025-04-24 15:22:28 --> Session: Class initialized using 'CodeIgniter\Session\Handlers\FileHandler' driver.
INFO - 2025-04-24 15:22:40 --> Session: Class initialized using 'CodeIgniter\Session\Handlers\FileHandler' driver.
INFO - 2025-04-24 15:22:40 --> Session: Class initialized using 'CodeIgniter\Session\Handlers\FileHandler' driver.
INFO - 2025-04-24 15:22:42 --> Session: Class initialized using 'CodeIgniter\Session\Handlers\FileHandler' driver.
INFO - 2025-04-24 15:22:46 --> Session: Class initialized using 'CodeIgniter\Session\Handlers\FileHandler' driver.
INFO - 2025-04-24 15:22:47 --> Session: Class initialized using 'CodeIgniter\Session\Handlers\FileHandler' driver.
INFO - 2025-04-24 15:22:48 --> Session: Class initialized using 'CodeIgniter\Session\Handlers\FileHandler' driver.
INFO - 2025-04-24 15:23:06 --> Session: Class initialized using 'CodeIgniter\Session\Handlers\FileHandler' driver.
INFO - 2025-04-24 15:23:09 --> Session: Class initialized using 'CodeIgniter\Session\Handlers\FileHandler' driver.
INFO - 2025-04-24 15:24:39 --> Session: Class initialized using 'CodeIgniter\Session\Handlers\FileHandler' driver.
INFO - 2025-04-24 15:24:39 --> Session: Class initialized using 'CodeIgniter\Session\Handlers\FileHandler' driver.
INFO - 2025-04-24 15:24:41 --> Session: Class initialized using 'CodeIgniter\Session\Handlers\FileHandler' driver.
INFO - 2025-04-24 15:24:43 --> Session: Class initialized using 'CodeIgniter\Session\Handlers\FileHandler' driver.
INFO - 2025-04-24 15:24:44 --> Session: Class initialized using 'CodeIgniter\Session\Handlers\FileHandler' driver.
INFO - 2025-04-24 15:24:45 --> Session: Class initialized using 'CodeIgniter\Session\Handlers\FileHandler' driver.
INFO - 2025-04-24 15:24:54 --> Session: Class initialized using 'CodeIgniter\Session\Handlers\FileHandler' driver.
INFO - 2025-04-24 15:24:58 --> Session: Class initialized using 'CodeIgniter\Session\Handlers\FileHandler' driver.
INFO - 2025-04-24 15:25:51 --> Session: Class initialized using 'CodeIgniter\Session\Handlers\FileHandler' driver.
INFO - 2025-04-24 15:25:51 --> Session: Class initialized using 'CodeIgniter\Session\Handlers\FileHandler' driver.
INFO - 2025-04-24 15:25:52 --> Session: Class initialized using 'CodeIgniter\Session\Handlers\FileHandler' driver.
INFO - 2025-04-24 15:25:53 --> Session: Class initialized using 'CodeIgniter\Session\Handlers\FileHandler' driver.
INFO - 2025-04-24 15:25:53 --> Session: Class initialized using 'CodeIgniter\Session\Handlers\FileHandler' driver.
INFO - 2025-04-24 16:01:07 --> Session: Class initialized using 'CodeIgniter\Session\Handlers\FileHandler' driver.
INFO - 2025-04-24 16:01:07 --> Session: Class initialized using 'CodeIgniter\Session\Handlers\FileHandler' driver.
INFO - 2025-04-24 16:01:17 --> Session: Class initialized using 'CodeIgniter\Session\Handlers\FileHandler' driver.
INFO - 2025-04-24 16:01:19 --> Session: Class initialized using 'CodeIgniter\Session\Handlers\FileHandler' driver.
INFO - 2025-04-24 16:01:20 --> Session: Class initialized using 'CodeIgniter\Session\Handlers\FileHandler' driver.
INFO - 2025-04-24 16:01:21 --> Session: Class initialized using 'CodeIgniter\Session\Handlers\FileHandler' driver.
INFO - 2025-04-24 16:01:23 --> Session: Class initialized using 'CodeIgniter\Session\Handlers\FileHandler' driver.
INFO - 2025-04-24 16:01:33 --> Session: Class initialized using 'CodeIgniter\Session\Handlers\FileHandler' driver.
INFO - 2025-04-24 16:01:33 --> Session: Class initialized using 'CodeIgniter\Session\Handlers\FileHandler' driver.
INFO - 2025-04-24 16:03:47 --> Session: Class initialized using 'CodeIgniter\Session\Handlers\FileHandler' driver.
INFO - 2025-04-24 16:03:47 --> Session: Class initialized using 'CodeIgniter\Session\Handlers\FileHandler' driver.
INFO - 2025-04-24 16:03:48 --> Session: Class initialized using 'CodeIgniter\Session\Handlers\FileHandler' driver.
INFO - 2025-04-24 16:03:48 --> Session: Class initialized using 'CodeIgniter\Session\Handlers\FileHandler' driver.
INFO - 2025-04-24 16:04:11 --> Session: Class initialized using 'CodeIgniter\Session\Handlers\FileHandler' driver.
INFO - 2025-04-24 16:04:11 --> Session: Class initialized using 'CodeIgniter\Session\Handlers\FileHandler' driver.
INFO - 2025-04-24 16:07:31 --> Session: Class initialized using 'CodeIgniter\Session\Handlers\FileHandler' driver.
INFO - 2025-04-24 16:07:31 --> Session: Class initialized using 'CodeIgniter\Session\Handlers\FileHandler' driver.
INFO - 2025-04-24 16:07:33 --> Session: Class initialized using 'CodeIgniter\Session\Handlers\FileHandler' driver.
INFO - 2025-04-24 16:07:33 --> Session: Class initialized using 'CodeIgniter\Session\Handlers\FileHandler' driver.
INFO - 2025-04-24 16:07:58 --> Session: Class initialized using 'CodeIgniter\Session\Handlers\FileHandler' driver.
INFO - 2025-04-24 16:07:58 --> Session: Class initialized using 'CodeIgniter\Session\Handlers\FileHandler' driver.
INFO - 2025-04-24 16:13:04 --> Session: Class initialized using 'CodeIgniter\Session\Handlers\FileHandler' driver.
INFO - 2025-04-24 16:13:04 --> Session: Class initialized using 'CodeIgniter\Session\Handlers\FileHandler' driver.
INFO - 2025-04-24 16:13:18 --> Session: Class initialized using 'CodeIgniter\Session\Handlers\FileHandler' driver.
INFO - 2025-04-24 16:13:19 --> Session: Class initialized using 'CodeIgniter\Session\Handlers\FileHandler' driver.
INFO - 2025-04-24 16:13:19 --> Session: Class initialized using 'CodeIgniter\Session\Handlers\FileHandler' driver.
INFO - 2025-04-24 16:27:27 --> Session: Class initialized using 'CodeIgniter\Session\Handlers\FileHandler' driver.
INFO - 2025-04-24 16:27:29 --> Session: Class initialized using 'CodeIgniter\Session\Handlers\FileHandler' driver.
INFO - 2025-04-24 16:27:29 --> Session: Class initialized using 'CodeIgniter\Session\Handlers\FileHandler' driver.
INFO - 2025-04-24 16:27:31 --> Session: Class initialized using 'CodeIgniter\Session\Handlers\FileHandler' driver.
INFO - 2025-04-24 16:27:31 --> Session: Class initialized using 'CodeIgniter\Session\Handlers\FileHandler' driver.
INFO - 2025-04-24 16:39:25 --> Session: Class initialized using 'CodeIgniter\Session\Handlers\FileHandler' driver.
INFO - 2025-04-24 16:39:26 --> Session: Class initialized using 'CodeIgniter\Session\Handlers\FileHandler' driver.
INFO - 2025-04-24 16:39:27 --> Session: Class initialized using 'CodeIgniter\Session\Handlers\FileHandler' driver.
INFO - 2025-04-24 16:39:28 --> Session: Class initialized using 'CodeIgniter\Session\Handlers\FileHandler' driver.
INFO - 2025-04-24 16:39:28 --> Session: Class initialized using 'CodeIgniter\Session\Handlers\FileHandler' driver.
INFO - 2025-04-24 16:41:29 --> Session: Class initialized using 'CodeIgniter\Session\Handlers\FileHandler' driver.
INFO - 2025-04-24 16:41:29 --> Session: Class initialized using 'CodeIgniter\Session\Handlers\FileHandler' driver.
INFO - 2025-04-24 16:41:30 --> Session: Class initialized using 'CodeIgniter\Session\Handlers\FileHandler' driver.
INFO - 2025-04-24 16:41:31 --> Session: Class initialized using 'CodeIgniter\Session\Handlers\FileHandler' driver.
INFO - 2025-04-24 16:41:32 --> Session: Class initialized using 'CodeIgniter\Session\Handlers\FileHandler' driver.
INFO - 2025-04-24 16:41:35 --> Session: Class initialized using 'CodeIgniter\Session\Handlers\FileHandler' driver.
INFO - 2025-04-24 16:41:37 --> Session: Class initialized using 'CodeIgniter\Session\Handlers\FileHandler' driver.
INFO - 2025-04-24 16:41:38 --> Session: Class initialized using 'CodeIgniter\Session\Handlers\FileHandler' driver.
INFO - 2025-04-24 16:41:39 --> Session: Class initialized using 'CodeIgniter\Session\Handlers\FileHandler' driver.
INFO - 2025-04-24 16:41:52 --> Session: Class initialized using 'CodeIgniter\Session\Handlers\FileHandler' driver.
CRITICAL - 2025-04-24 16:41:52 --> Undefined variable $Datethai
in APPPATH\Controllers\ConUserBooking.php on line 208.
 1 APPPATH\Controllers\ConUserBooking.php(208): CodeIgniter\Debug\Exceptions->errorHandler(2, 'Undefined variable $Datethai', 'D:\\xampp\\htdocs\\general\\app\\Controllers\\ConUserBooking.php', 208)
 2 SYSTEMPATH\CodeIgniter.php(934): App\Controllers\ConUserBooking->BookingInsert()
 3 SYSTEMPATH\CodeIgniter.php(499): CodeIgniter\CodeIgniter->runController(Object(App\Controllers\ConUserBooking))
 4 SYSTEMPATH\CodeIgniter.php(368): CodeIgniter\CodeIgniter->handleRequest(null, Object(Config\Cache), false)
 5 FCPATH\index.php(67): CodeIgniter\CodeIgniter->run()
INFO - 2025-04-24 16:42:14 --> Session: Class initialized using 'CodeIgniter\Session\Handlers\FileHandler' driver.
ERROR - 2025-04-24 16:42:14 --> mysqli_sql_exception: Duplicate entry '0' for key 'PRIMARY' in D:\xampp\htdocs\general\vendor\codeigniter4\framework\system\Database\MySQLi\Connection.php:295
Stack trace:
#0 D:\xampp\htdocs\general\vendor\codeigniter4\framework\system\Database\MySQLi\Connection.php(295): mysqli->query('INSERT INTO `tb...', 0)
#1 D:\xampp\htdocs\general\vendor\codeigniter4\framework\system\Database\BaseConnection.php(692): CodeIgniter\Database\MySQLi\Connection->execute('INSERT INTO `tb...')
#2 D:\xampp\htdocs\general\vendor\codeigniter4\framework\system\Database\BaseConnection.php(606): CodeIgniter\Database\BaseConnection->simpleQuery('INSERT INTO `tb...')
#3 D:\xampp\htdocs\general\vendor\codeigniter4\framework\system\Database\BaseBuilder.php(2309): CodeIgniter\Database\BaseConnection->query('INSERT INTO `tb...', Array, false)
#4 D:\xampp\htdocs\general\app\Controllers\ConUserBooking.php(188): CodeIgniter\Database\BaseBuilder->insert(Array)
#5 D:\xampp\htdocs\general\vendor\codeigniter4\framework\system\CodeIgniter.php(934): App\Controllers\ConUserBooking->BookingInsert()
#6 D:\xampp\htdocs\general\vendor\codeigniter4\framework\system\CodeIgniter.php(499): CodeIgniter\CodeIgniter->runController(Object(App\Controllers\ConUserBooking))
#7 D:\xampp\htdocs\general\vendor\codeigniter4\framework\system\CodeIgniter.php(368): CodeIgniter\CodeIgniter->handleRequest(NULL, Object(Config\Cache), false)
#8 D:\xampp\htdocs\general\index.php(67): CodeIgniter\CodeIgniter->run()
#9 {main}
CRITICAL - 2025-04-24 16:42:14 --> Duplicate entry '0' for key 'PRIMARY'
in SYSTEMPATH\Database\MySQLi\Connection.php on line 295.
 1 SYSTEMPATH\Database\MySQLi\Connection.php(295): mysqli->query('INSERT INTO `tb_booking` (`booking_locationroom`, `booking_order`, `booking_number`, `booking_title`, `booking_dateStart`, `booking_timeStart`, `booking_dateEnd`, `booking_timeEnd`, `booking_typeuse`, `booking_other`, `booking_Booker`, `booking_telephone`, `booking_equipment`, `booking_admin_approve`, `booking_imgWork`) VALUES (NULL, NULL, NULL, NULL, NULL, NULL, NULL, NULL, NULL, NULL, NULL, NULL, \'\', \'รอตรวจสอบ\', \'\')', 0)
 2 SYSTEMPATH\Database\BaseConnection.php(692): CodeIgniter\Database\MySQLi\Connection->execute('INSERT INTO `tb_booking` (`booking_locationroom`, `booking_order`, `booking_number`, `booking_title`, `booking_dateStart`, `booking_timeStart`, `booking_dateEnd`, `booking_timeEnd`, `booking_typeuse`, `booking_other`, `booking_Booker`, `booking_telephone`, `booking_equipment`, `booking_admin_approve`, `booking_imgWork`) VALUES (NULL, NULL, NULL, NULL, NULL, NULL, NULL, NULL, NULL, NULL, NULL, NULL, \'\', \'รอตรวจสอบ\', \'\')')
 3 SYSTEMPATH\Database\BaseConnection.php(606): CodeIgniter\Database\BaseConnection->simpleQuery('INSERT INTO `tb_booking` (`booking_locationroom`, `booking_order`, `booking_number`, `booking_title`, `booking_dateStart`, `booking_timeStart`, `booking_dateEnd`, `booking_timeEnd`, `booking_typeuse`, `booking_other`, `booking_Booker`, `booking_telephone`, `booking_equipment`, `booking_admin_approve`, `booking_imgWork`) VALUES (NULL, NULL, NULL, NULL, NULL, NULL, NULL, NULL, NULL, NULL, NULL, NULL, \'\', \'รอตรวจสอบ\', \'\')')
 4 SYSTEMPATH\Database\BaseBuilder.php(2309): CodeIgniter\Database\BaseConnection->query('INSERT INTO `tb_booking` (`booking_locationroom`, `booking_order`, `booking_number`, `booking_title`, `booking_dateStart`, `booking_timeStart`, `booking_dateEnd`, `booking_timeEnd`, `booking_typeuse`, `booking_other`, `booking_Booker`, `booking_telephone`, `booking_equipment`, `booking_admin_approve`, `booking_imgWork`) VALUES (:booking_locationroom:, :booking_order:, :booking_number:, :booking_title:, :booking_dateStart:, :booking_timeStart:, :booking_dateEnd:, :booking_timeEnd:, :booking_typeuse:, :booking_other:, :booking_Booker:, :booking_telephone:, :booking_equipment:, :booking_admin_approve:, :booking_imgWork:)', [...], false)
 5 APPPATH\Controllers\ConUserBooking.php(188): CodeIgniter\Database\BaseBuilder->insert([...])
 6 SYSTEMPATH\CodeIgniter.php(934): App\Controllers\ConUserBooking->BookingInsert()
 7 SYSTEMPATH\CodeIgniter.php(499): CodeIgniter\CodeIgniter->runController(Object(App\Controllers\ConUserBooking))
 8 SYSTEMPATH\CodeIgniter.php(368): CodeIgniter\CodeIgniter->handleRequest(null, Object(Config\Cache), false)
 9 FCPATH\index.php(67): CodeIgniter\CodeIgniter->run()
INFO - 2025-04-24 16:44:31 --> Session: Class initialized using 'CodeIgniter\Session\Handlers\FileHandler' driver.
ERROR - 2025-04-24 16:44:31 --> mysqli_sql_exception: Duplicate entry '0' for key 'PRIMARY' in D:\xampp\htdocs\general\vendor\codeigniter4\framework\system\Database\MySQLi\Connection.php:295
Stack trace:
#0 D:\xampp\htdocs\general\vendor\codeigniter4\framework\system\Database\MySQLi\Connection.php(295): mysqli->query('INSERT INTO `tb...', 0)
#1 D:\xampp\htdocs\general\vendor\codeigniter4\framework\system\Database\BaseConnection.php(692): CodeIgniter\Database\MySQLi\Connection->execute('INSERT INTO `tb...')
#2 D:\xampp\htdocs\general\vendor\codeigniter4\framework\system\Database\BaseConnection.php(606): CodeIgniter\Database\BaseConnection->simpleQuery('INSERT INTO `tb...')
#3 D:\xampp\htdocs\general\vendor\codeigniter4\framework\system\Database\BaseBuilder.php(2309): CodeIgniter\Database\BaseConnection->query('INSERT INTO `tb...', Array, false)
#4 D:\xampp\htdocs\general\app\Controllers\ConUserBooking.php(188): CodeIgniter\Database\BaseBuilder->insert(Array)
#5 D:\xampp\htdocs\general\vendor\codeigniter4\framework\system\CodeIgniter.php(934): App\Controllers\ConUserBooking->BookingInsert()
#6 D:\xampp\htdocs\general\vendor\codeigniter4\framework\system\CodeIgniter.php(499): CodeIgniter\CodeIgniter->runController(Object(App\Controllers\ConUserBooking))
#7 D:\xampp\htdocs\general\vendor\codeigniter4\framework\system\CodeIgniter.php(368): CodeIgniter\CodeIgniter->handleRequest(NULL, Object(Config\Cache), false)
#8 D:\xampp\htdocs\general\index.php(67): CodeIgniter\CodeIgniter->run()
#9 {main}
CRITICAL - 2025-04-24 16:44:31 --> Duplicate entry '0' for key 'PRIMARY'
in SYSTEMPATH\Database\MySQLi\Connection.php on line 295.
 1 SYSTEMPATH\Database\MySQLi\Connection.php(295): mysqli->query('INSERT INTO `tb_booking` (`booking_locationroom`, `booking_order`, `booking_number`, `booking_title`, `booking_dateStart`, `booking_timeStart`, `booking_dateEnd`, `booking_timeEnd`, `booking_typeuse`, `booking_other`, `booking_Booker`, `booking_telephone`, `booking_equipment`, `booking_admin_approve`, `booking_imgWork`) VALUES (NULL, NULL, NULL, NULL, NULL, NULL, NULL, NULL, NULL, NULL, NULL, NULL, \'\', \'รอตรวจสอบ\', \'\')', 0)
 2 SYSTEMPATH\Database\BaseConnection.php(692): CodeIgniter\Database\MySQLi\Connection->execute('INSERT INTO `tb_booking` (`booking_locationroom`, `booking_order`, `booking_number`, `booking_title`, `booking_dateStart`, `booking_timeStart`, `booking_dateEnd`, `booking_timeEnd`, `booking_typeuse`, `booking_other`, `booking_Booker`, `booking_telephone`, `booking_equipment`, `booking_admin_approve`, `booking_imgWork`) VALUES (NULL, NULL, NULL, NULL, NULL, NULL, NULL, NULL, NULL, NULL, NULL, NULL, \'\', \'รอตรวจสอบ\', \'\')')
 3 SYSTEMPATH\Database\BaseConnection.php(606): CodeIgniter\Database\BaseConnection->simpleQuery('INSERT INTO `tb_booking` (`booking_locationroom`, `booking_order`, `booking_number`, `booking_title`, `booking_dateStart`, `booking_timeStart`, `booking_dateEnd`, `booking_timeEnd`, `booking_typeuse`, `booking_other`, `booking_Booker`, `booking_telephone`, `booking_equipment`, `booking_admin_approve`, `booking_imgWork`) VALUES (NULL, NULL, NULL, NULL, NULL, NULL, NULL, NULL, NULL, NULL, NULL, NULL, \'\', \'รอตรวจสอบ\', \'\')')
 4 SYSTEMPATH\Database\BaseBuilder.php(2309): CodeIgniter\Database\BaseConnection->query('INSERT INTO `tb_booking` (`booking_locationroom`, `booking_order`, `booking_number`, `booking_title`, `booking_dateStart`, `booking_timeStart`, `booking_dateEnd`, `booking_timeEnd`, `booking_typeuse`, `booking_other`, `booking_Booker`, `booking_telephone`, `booking_equipment`, `booking_admin_approve`, `booking_imgWork`) VALUES (:booking_locationroom:, :booking_order:, :booking_number:, :booking_title:, :booking_dateStart:, :booking_timeStart:, :booking_dateEnd:, :booking_timeEnd:, :booking_typeuse:, :booking_other:, :booking_Booker:, :booking_telephone:, :booking_equipment:, :booking_admin_approve:, :booking_imgWork:)', [...], false)
 5 APPPATH\Controllers\ConUserBooking.php(188): CodeIgniter\Database\BaseBuilder->insert([...])
 6 SYSTEMPATH\CodeIgniter.php(934): App\Controllers\ConUserBooking->BookingInsert()
 7 SYSTEMPATH\CodeIgniter.php(499): CodeIgniter\CodeIgniter->runController(Object(App\Controllers\ConUserBooking))
 8 SYSTEMPATH\CodeIgniter.php(368): CodeIgniter\CodeIgniter->handleRequest(null, Object(Config\Cache), false)
 9 FCPATH\index.php(67): CodeIgniter\CodeIgniter->run()
INFO - 2025-04-24 16:44:35 --> Session: Class initialized using 'CodeIgniter\Session\Handlers\FileHandler' driver.
INFO - 2025-04-24 16:44:35 --> Session: Class initialized using 'CodeIgniter\Session\Handlers\FileHandler' driver.
INFO - 2025-04-24 16:44:42 --> Session: Class initialized using 'CodeIgniter\Session\Handlers\FileHandler' driver.
INFO - 2025-04-24 16:44:45 --> Session: Class initialized using 'CodeIgniter\Session\Handlers\FileHandler' driver.
INFO - 2025-04-24 16:44:45 --> Session: Class initialized using 'CodeIgniter\Session\Handlers\FileHandler' driver.
INFO - 2025-04-24 16:44:49 --> Session: Class initialized using 'CodeIgniter\Session\Handlers\FileHandler' driver.
INFO - 2025-04-24 16:44:50 --> Session: Class initialized using 'CodeIgniter\Session\Handlers\FileHandler' driver.
INFO - 2025-04-24 16:44:50 --> Session: Class initialized using 'CodeIgniter\Session\Handlers\FileHandler' driver.
INFO - 2025-04-24 16:44:53 --> Session: Class initialized using 'CodeIgniter\Session\Handlers\FileHandler' driver.
INFO - 2025-04-24 16:44:55 --> Session: Class initialized using 'CodeIgniter\Session\Handlers\FileHandler' driver.
INFO - 2025-04-24 16:44:56 --> Session: Class initialized using 'CodeIgniter\Session\Handlers\FileHandler' driver.
INFO - 2025-04-24 16:44:58 --> Session: Class initialized using 'CodeIgniter\Session\Handlers\FileHandler' driver.
INFO - 2025-04-24 16:45:30 --> Session: Class initialized using 'CodeIgniter\Session\Handlers\FileHandler' driver.
ERROR - 2025-04-24 16:45:30 --> mysqli_sql_exception: Duplicate entry '0' for key 'PRIMARY' in D:\xampp\htdocs\general\vendor\codeigniter4\framework\system\Database\MySQLi\Connection.php:295
Stack trace:
#0 D:\xampp\htdocs\general\vendor\codeigniter4\framework\system\Database\MySQLi\Connection.php(295): mysqli->query('INSERT INTO `tb...', 0)
#1 D:\xampp\htdocs\general\vendor\codeigniter4\framework\system\Database\BaseConnection.php(692): CodeIgniter\Database\MySQLi\Connection->execute('INSERT INTO `tb...')
#2 D:\xampp\htdocs\general\vendor\codeigniter4\framework\system\Database\BaseConnection.php(606): CodeIgniter\Database\BaseConnection->simpleQuery('INSERT INTO `tb...')
#3 D:\xampp\htdocs\general\vendor\codeigniter4\framework\system\Database\BaseBuilder.php(2309): CodeIgniter\Database\BaseConnection->query('INSERT INTO `tb...', Array, false)
#4 D:\xampp\htdocs\general\app\Controllers\ConUserBooking.php(188): CodeIgniter\Database\BaseBuilder->insert(Array)
#5 D:\xampp\htdocs\general\vendor\codeigniter4\framework\system\CodeIgniter.php(934): App\Controllers\ConUserBooking->BookingInsert()
#6 D:\xampp\htdocs\general\vendor\codeigniter4\framework\system\CodeIgniter.php(499): CodeIgniter\CodeIgniter->runController(Object(App\Controllers\ConUserBooking))
#7 D:\xampp\htdocs\general\vendor\codeigniter4\framework\system\CodeIgniter.php(368): CodeIgniter\CodeIgniter->handleRequest(NULL, Object(Config\Cache), false)
#8 D:\xampp\htdocs\general\index.php(67): CodeIgniter\CodeIgniter->run()
#9 {main}
CRITICAL - 2025-04-24 16:45:30 --> Duplicate entry '0' for key 'PRIMARY'
in SYSTEMPATH\Database\MySQLi\Connection.php on line 295.
 1 SYSTEMPATH\Database\MySQLi\Connection.php(295): mysqli->query('INSERT INTO `tb_booking` (`booking_locationroom`, `booking_order`, `booking_number`, `booking_title`, `booking_dateStart`, `booking_timeStart`, `booking_dateEnd`, `booking_timeEnd`, `booking_typeuse`, `booking_other`, `booking_Booker`, `booking_telephone`, `booking_equipment`, `booking_admin_approve`, `booking_imgWork`) VALUES (\'6\', \'BK_20230056\', \'10\', \'อบรมทะเล\', \'2025-04-03\', \'12:00\', \'2025-04-17\', \'12:00\', \'อบรม\', \'555\', \'pers_021\', \'4563\', \'เครื่องคอมพิวเตอร์|จอโปรเจ็คเตอร์\', \'รอตรวจสอบ\', \'\')', 0)
 2 SYSTEMPATH\Database\BaseConnection.php(692): CodeIgniter\Database\MySQLi\Connection->execute('INSERT INTO `tb_booking` (`booking_locationroom`, `booking_order`, `booking_number`, `booking_title`, `booking_dateStart`, `booking_timeStart`, `booking_dateEnd`, `booking_timeEnd`, `booking_typeuse`, `booking_other`, `booking_Booker`, `booking_telephone`, `booking_equipment`, `booking_admin_approve`, `booking_imgWork`) VALUES (\'6\', \'BK_20230056\', \'10\', \'อบรมทะเล\', \'2025-04-03\', \'12:00\', \'2025-04-17\', \'12:00\', \'อบรม\', \'555\', \'pers_021\', \'4563\', \'เครื่องคอมพิวเตอร์|จอโปรเจ็คเตอร์\', \'รอตรวจสอบ\', \'\')')
 3 SYSTEMPATH\Database\BaseConnection.php(606): CodeIgniter\Database\BaseConnection->simpleQuery('INSERT INTO `tb_booking` (`booking_locationroom`, `booking_order`, `booking_number`, `booking_title`, `booking_dateStart`, `booking_timeStart`, `booking_dateEnd`, `booking_timeEnd`, `booking_typeuse`, `booking_other`, `booking_Booker`, `booking_telephone`, `booking_equipment`, `booking_admin_approve`, `booking_imgWork`) VALUES (\'6\', \'BK_20230056\', \'10\', \'อบรมทะเล\', \'2025-04-03\', \'12:00\', \'2025-04-17\', \'12:00\', \'อบรม\', \'555\', \'pers_021\', \'4563\', \'เครื่องคอมพิวเตอร์|จอโปรเจ็คเตอร์\', \'รอตรวจสอบ\', \'\')')
 4 SYSTEMPATH\Database\BaseBuilder.php(2309): CodeIgniter\Database\BaseConnection->query('INSERT INTO `tb_booking` (`booking_locationroom`, `booking_order`, `booking_number`, `booking_title`, `booking_dateStart`, `booking_timeStart`, `booking_dateEnd`, `booking_timeEnd`, `booking_typeuse`, `booking_other`, `booking_Booker`, `booking_telephone`, `booking_equipment`, `booking_admin_approve`, `booking_imgWork`) VALUES (:booking_locationroom:, :booking_order:, :booking_number:, :booking_title:, :booking_dateStart:, :booking_timeStart:, :booking_dateEnd:, :booking_timeEnd:, :booking_typeuse:, :booking_other:, :booking_Booker:, :booking_telephone:, :booking_equipment:, :booking_admin_approve:, :booking_imgWork:)', [...], false)
 5 APPPATH\Controllers\ConUserBooking.php(188): CodeIgniter\Database\BaseBuilder->insert([...])
 6 SYSTEMPATH\CodeIgniter.php(934): App\Controllers\ConUserBooking->BookingInsert()
 7 SYSTEMPATH\CodeIgniter.php(499): CodeIgniter\CodeIgniter->runController(Object(App\Controllers\ConUserBooking))
 8 SYSTEMPATH\CodeIgniter.php(368): CodeIgniter\CodeIgniter->handleRequest(null, Object(Config\Cache), false)
 9 FCPATH\index.php(67): CodeIgniter\CodeIgniter->run()
INFO - 2025-04-24 16:45:37 --> Session: Class initialized using 'CodeIgniter\Session\Handlers\FileHandler' driver.
ERROR - 2025-04-24 16:45:37 --> mysqli_sql_exception: Duplicate entry '0' for key 'PRIMARY' in D:\xampp\htdocs\general\vendor\codeigniter4\framework\system\Database\MySQLi\Connection.php:295
Stack trace:
#0 D:\xampp\htdocs\general\vendor\codeigniter4\framework\system\Database\MySQLi\Connection.php(295): mysqli->query('INSERT INTO `tb...', 0)
#1 D:\xampp\htdocs\general\vendor\codeigniter4\framework\system\Database\BaseConnection.php(692): CodeIgniter\Database\MySQLi\Connection->execute('INSERT INTO `tb...')
#2 D:\xampp\htdocs\general\vendor\codeigniter4\framework\system\Database\BaseConnection.php(606): CodeIgniter\Database\BaseConnection->simpleQuery('INSERT INTO `tb...')
#3 D:\xampp\htdocs\general\vendor\codeigniter4\framework\system\Database\BaseBuilder.php(2309): CodeIgniter\Database\BaseConnection->query('INSERT INTO `tb...', Array, false)
#4 D:\xampp\htdocs\general\app\Controllers\ConUserBooking.php(188): CodeIgniter\Database\BaseBuilder->insert(Array)
#5 D:\xampp\htdocs\general\vendor\codeigniter4\framework\system\CodeIgniter.php(934): App\Controllers\ConUserBooking->BookingInsert()
#6 D:\xampp\htdocs\general\vendor\codeigniter4\framework\system\CodeIgniter.php(499): CodeIgniter\CodeIgniter->runController(Object(App\Controllers\ConUserBooking))
#7 D:\xampp\htdocs\general\vendor\codeigniter4\framework\system\CodeIgniter.php(368): CodeIgniter\CodeIgniter->handleRequest(NULL, Object(Config\Cache), false)
#8 D:\xampp\htdocs\general\index.php(67): CodeIgniter\CodeIgniter->run()
#9 {main}
CRITICAL - 2025-04-24 16:45:37 --> Duplicate entry '0' for key 'PRIMARY'
in SYSTEMPATH\Database\MySQLi\Connection.php on line 295.
 1 SYSTEMPATH\Database\MySQLi\Connection.php(295): mysqli->query('INSERT INTO `tb_booking` (`booking_locationroom`, `booking_order`, `booking_number`, `booking_title`, `booking_dateStart`, `booking_timeStart`, `booking_dateEnd`, `booking_timeEnd`, `booking_typeuse`, `booking_other`, `booking_Booker`, `booking_telephone`, `booking_equipment`, `booking_admin_approve`, `booking_imgWork`) VALUES (NULL, NULL, NULL, NULL, NULL, NULL, NULL, NULL, NULL, NULL, NULL, NULL, \'\', \'รอตรวจสอบ\', \'\')', 0)
 2 SYSTEMPATH\Database\BaseConnection.php(692): CodeIgniter\Database\MySQLi\Connection->execute('INSERT INTO `tb_booking` (`booking_locationroom`, `booking_order`, `booking_number`, `booking_title`, `booking_dateStart`, `booking_timeStart`, `booking_dateEnd`, `booking_timeEnd`, `booking_typeuse`, `booking_other`, `booking_Booker`, `booking_telephone`, `booking_equipment`, `booking_admin_approve`, `booking_imgWork`) VALUES (NULL, NULL, NULL, NULL, NULL, NULL, NULL, NULL, NULL, NULL, NULL, NULL, \'\', \'รอตรวจสอบ\', \'\')')
 3 SYSTEMPATH\Database\BaseConnection.php(606): CodeIgniter\Database\BaseConnection->simpleQuery('INSERT INTO `tb_booking` (`booking_locationroom`, `booking_order`, `booking_number`, `booking_title`, `booking_dateStart`, `booking_timeStart`, `booking_dateEnd`, `booking_timeEnd`, `booking_typeuse`, `booking_other`, `booking_Booker`, `booking_telephone`, `booking_equipment`, `booking_admin_approve`, `booking_imgWork`) VALUES (NULL, NULL, NULL, NULL, NULL, NULL, NULL, NULL, NULL, NULL, NULL, NULL, \'\', \'รอตรวจสอบ\', \'\')')
 4 SYSTEMPATH\Database\BaseBuilder.php(2309): CodeIgniter\Database\BaseConnection->query('INSERT INTO `tb_booking` (`booking_locationroom`, `booking_order`, `booking_number`, `booking_title`, `booking_dateStart`, `booking_timeStart`, `booking_dateEnd`, `booking_timeEnd`, `booking_typeuse`, `booking_other`, `booking_Booker`, `booking_telephone`, `booking_equipment`, `booking_admin_approve`, `booking_imgWork`) VALUES (:booking_locationroom:, :booking_order:, :booking_number:, :booking_title:, :booking_dateStart:, :booking_timeStart:, :booking_dateEnd:, :booking_timeEnd:, :booking_typeuse:, :booking_other:, :booking_Booker:, :booking_telephone:, :booking_equipment:, :booking_admin_approve:, :booking_imgWork:)', [...], false)
 5 APPPATH\Controllers\ConUserBooking.php(188): CodeIgniter\Database\BaseBuilder->insert([...])
 6 SYSTEMPATH\CodeIgniter.php(934): App\Controllers\ConUserBooking->BookingInsert()
 7 SYSTEMPATH\CodeIgniter.php(499): CodeIgniter\CodeIgniter->runController(Object(App\Controllers\ConUserBooking))
 8 SYSTEMPATH\CodeIgniter.php(368): CodeIgniter\CodeIgniter->handleRequest(null, Object(Config\Cache), false)
 9 FCPATH\index.php(67): CodeIgniter\CodeIgniter->run()
INFO - 2025-04-24 16:46:17 --> Session: Class initialized using 'CodeIgniter\Session\Handlers\FileHandler' driver.
INFO - 2025-04-24 16:46:17 --> Session: Class initialized using 'CodeIgniter\Session\Handlers\FileHandler' driver.
INFO - 2025-04-24 16:46:21 --> Session: Class initialized using 'CodeIgniter\Session\Handlers\FileHandler' driver.
INFO - 2025-04-24 16:46:21 --> Session: Class initialized using 'CodeIgniter\Session\Handlers\FileHandler' driver.
INFO - 2025-04-24 16:46:24 --> Session: Class initialized using 'CodeIgniter\Session\Handlers\FileHandler' driver.
INFO - 2025-04-24 16:46:25 --> Session: Class initialized using 'CodeIgniter\Session\Handlers\FileHandler' driver.
INFO - 2025-04-24 16:46:27 --> Session: Class initialized using 'CodeIgniter\Session\Handlers\FileHandler' driver.
INFO - 2025-04-24 16:46:28 --> Session: Class initialized using 'CodeIgniter\Session\Handlers\FileHandler' driver.
INFO - 2025-04-24 16:46:40 --> Session: Class initialized using 'CodeIgniter\Session\Handlers\FileHandler' driver.
ERROR - 2025-04-24 16:46:40 --> mysqli_sql_exception: Duplicate entry '0' for key 'PRIMARY' in D:\xampp\htdocs\general\vendor\codeigniter4\framework\system\Database\MySQLi\Connection.php:295
Stack trace:
#0 D:\xampp\htdocs\general\vendor\codeigniter4\framework\system\Database\MySQLi\Connection.php(295): mysqli->query('INSERT INTO `tb...', 0)
#1 D:\xampp\htdocs\general\vendor\codeigniter4\framework\system\Database\BaseConnection.php(692): CodeIgniter\Database\MySQLi\Connection->execute('INSERT INTO `tb...')
#2 D:\xampp\htdocs\general\vendor\codeigniter4\framework\system\Database\BaseConnection.php(606): CodeIgniter\Database\BaseConnection->simpleQuery('INSERT INTO `tb...')
#3 D:\xampp\htdocs\general\vendor\codeigniter4\framework\system\Database\BaseBuilder.php(2309): CodeIgniter\Database\BaseConnection->query('INSERT INTO `tb...', Array, false)
#4 D:\xampp\htdocs\general\app\Controllers\ConUserBooking.php(188): CodeIgniter\Database\BaseBuilder->insert(Array)
#5 D:\xampp\htdocs\general\vendor\codeigniter4\framework\system\CodeIgniter.php(934): App\Controllers\ConUserBooking->BookingInsert()
#6 D:\xampp\htdocs\general\vendor\codeigniter4\framework\system\CodeIgniter.php(499): CodeIgniter\CodeIgniter->runController(Object(App\Controllers\ConUserBooking))
#7 D:\xampp\htdocs\general\vendor\codeigniter4\framework\system\CodeIgniter.php(368): CodeIgniter\CodeIgniter->handleRequest(NULL, Object(Config\Cache), false)
#8 D:\xampp\htdocs\general\index.php(67): CodeIgniter\CodeIgniter->run()
#9 {main}
CRITICAL - 2025-04-24 16:46:40 --> Duplicate entry '0' for key 'PRIMARY'
in SYSTEMPATH\Database\MySQLi\Connection.php on line 295.
 1 SYSTEMPATH\Database\MySQLi\Connection.php(295): mysqli->query('INSERT INTO `tb_booking` (`booking_locationroom`, `booking_order`, `booking_number`, `booking_title`, `booking_dateStart`, `booking_timeStart`, `booking_dateEnd`, `booking_timeEnd`, `booking_typeuse`, `booking_other`, `booking_Booker`, `booking_telephone`, `booking_equipment`, `booking_admin_approve`, `booking_imgWork`) VALUES (\'6\', \'BK_20230056\', \'10\', \'อบรมทะเล\', \'2025-04-17\', \'12:00\', \'2025-04-18\', \'12:00\', \'ประชุม\', \'555\', \'pers_021\', \'6666\', \'เครื่องคอมพิวเตอร์|จอโปรเจ็คเตอร์\', \'รอตรวจสอบ\', \'\')', 0)
 2 SYSTEMPATH\Database\BaseConnection.php(692): CodeIgniter\Database\MySQLi\Connection->execute('INSERT INTO `tb_booking` (`booking_locationroom`, `booking_order`, `booking_number`, `booking_title`, `booking_dateStart`, `booking_timeStart`, `booking_dateEnd`, `booking_timeEnd`, `booking_typeuse`, `booking_other`, `booking_Booker`, `booking_telephone`, `booking_equipment`, `booking_admin_approve`, `booking_imgWork`) VALUES (\'6\', \'BK_20230056\', \'10\', \'อบรมทะเล\', \'2025-04-17\', \'12:00\', \'2025-04-18\', \'12:00\', \'ประชุม\', \'555\', \'pers_021\', \'6666\', \'เครื่องคอมพิวเตอร์|จอโปรเจ็คเตอร์\', \'รอตรวจสอบ\', \'\')')
 3 SYSTEMPATH\Database\BaseConnection.php(606): CodeIgniter\Database\BaseConnection->simpleQuery('INSERT INTO `tb_booking` (`booking_locationroom`, `booking_order`, `booking_number`, `booking_title`, `booking_dateStart`, `booking_timeStart`, `booking_dateEnd`, `booking_timeEnd`, `booking_typeuse`, `booking_other`, `booking_Booker`, `booking_telephone`, `booking_equipment`, `booking_admin_approve`, `booking_imgWork`) VALUES (\'6\', \'BK_20230056\', \'10\', \'อบรมทะเล\', \'2025-04-17\', \'12:00\', \'2025-04-18\', \'12:00\', \'ประชุม\', \'555\', \'pers_021\', \'6666\', \'เครื่องคอมพิวเตอร์|จอโปรเจ็คเตอร์\', \'รอตรวจสอบ\', \'\')')
 4 SYSTEMPATH\Database\BaseBuilder.php(2309): CodeIgniter\Database\BaseConnection->query('INSERT INTO `tb_booking` (`booking_locationroom`, `booking_order`, `booking_number`, `booking_title`, `booking_dateStart`, `booking_timeStart`, `booking_dateEnd`, `booking_timeEnd`, `booking_typeuse`, `booking_other`, `booking_Booker`, `booking_telephone`, `booking_equipment`, `booking_admin_approve`, `booking_imgWork`) VALUES (:booking_locationroom:, :booking_order:, :booking_number:, :booking_title:, :booking_dateStart:, :booking_timeStart:, :booking_dateEnd:, :booking_timeEnd:, :booking_typeuse:, :booking_other:, :booking_Booker:, :booking_telephone:, :booking_equipment:, :booking_admin_approve:, :booking_imgWork:)', [...], false)
 5 APPPATH\Controllers\ConUserBooking.php(188): CodeIgniter\Database\BaseBuilder->insert([...])
 6 SYSTEMPATH\CodeIgniter.php(934): App\Controllers\ConUserBooking->BookingInsert()
 7 SYSTEMPATH\CodeIgniter.php(499): CodeIgniter\CodeIgniter->runController(Object(App\Controllers\ConUserBooking))
 8 SYSTEMPATH\CodeIgniter.php(368): CodeIgniter\CodeIgniter->handleRequest(null, Object(Config\Cache), false)
 9 FCPATH\index.php(67): CodeIgniter\CodeIgniter->run()
INFO - 2025-04-24 16:50:38 --> Session: Class initialized using 'CodeIgniter\Session\Handlers\FileHandler' driver.
INFO - 2025-04-24 16:50:38 --> Session: Class initialized using 'CodeIgniter\Session\Handlers\FileHandler' driver.
INFO - 2025-04-24 16:50:44 --> Session: Class initialized using 'CodeIgniter\Session\Handlers\FileHandler' driver.
INFO - 2025-04-24 16:50:46 --> Session: Class initialized using 'CodeIgniter\Session\Handlers\FileHandler' driver.
INFO - 2025-04-24 16:50:47 --> Session: Class initialized using 'CodeIgniter\Session\Handlers\FileHandler' driver.
INFO - 2025-04-24 16:50:49 --> Session: Class initialized using 'CodeIgniter\Session\Handlers\FileHandler' driver.
INFO - 2025-04-24 16:50:59 --> Session: Class initialized using 'CodeIgniter\Session\Handlers\FileHandler' driver.
CRITICAL - 2025-04-24 16:50:59 --> Undefined variable $Datethai
in APPPATH\Controllers\ConUserBooking.php on line 208.
 1 APPPATH\Controllers\ConUserBooking.php(208): CodeIgniter\Debug\Exceptions->errorHandler(2, 'Undefined variable $Datethai', 'D:\\xampp\\htdocs\\general\\app\\Controllers\\ConUserBooking.php', 208)
 2 SYSTEMPATH\CodeIgniter.php(934): App\Controllers\ConUserBooking->BookingInsert()
 3 SYSTEMPATH\CodeIgniter.php(499): CodeIgniter\CodeIgniter->runController(Object(App\Controllers\ConUserBooking))
 4 SYSTEMPATH\CodeIgniter.php(368): CodeIgniter\CodeIgniter->handleRequest(null, Object(Config\Cache), false)
 5 FCPATH\index.php(67): CodeIgniter\CodeIgniter->run()
INFO - 2025-04-24 16:52:06 --> Session: Class initialized using 'CodeIgniter\Session\Handlers\FileHandler' driver.
INFO - 2025-04-24 16:52:07 --> Session: Class initialized using 'CodeIgniter\Session\Handlers\FileHandler' driver.
INFO - 2025-04-24 16:52:15 --> Session: Class initialized using 'CodeIgniter\Session\Handlers\FileHandler' driver.
INFO - 2025-04-24 16:52:17 --> Session: Class initialized using 'CodeIgniter\Session\Handlers\FileHandler' driver.
INFO - 2025-04-24 16:52:19 --> Session: Class initialized using 'CodeIgniter\Session\Handlers\FileHandler' driver.
INFO - 2025-04-24 16:52:20 --> Session: Class initialized using 'CodeIgniter\Session\Handlers\FileHandler' driver.
INFO - 2025-04-24 16:52:30 --> Session: Class initialized using 'CodeIgniter\Session\Handlers\FileHandler' driver.
INFO - 2025-04-24 16:52:32 --> Session: Class initialized using 'CodeIgniter\Session\Handlers\FileHandler' driver.
INFO - 2025-04-24 16:52:33 --> Session: Class initialized using 'CodeIgniter\Session\Handlers\FileHandler' driver.
