INFO - 2025-12-23 08:48:53 --> Session: Class initialized using 'CodeIgniter\Session\Handlers\FileHandler' driver.
INFO - 2025-12-23 08:53:10 --> Session: Class initialized using 'CodeIgniter\Session\Handlers\FileHandler' driver.
INFO - 2025-12-23 08:53:15 --> Session: Class initialized using 'CodeIgniter\Session\Handlers\FileHandler' driver.
INFO - 2025-12-23 13:32:33 --> Session: Class initialized using 'CodeIgniter\Session\Handlers\FileHandler' driver.
INFO - 2025-12-23 13:32:47 --> Session: Class initialized using 'CodeIgniter\Session\Handlers\FileHandler' driver.
INFO - 2025-12-23 13:32:52 --> Session: Class initialized using 'CodeIgniter\Session\Handlers\FileHandler' driver.
INFO - 2025-12-23 13:33:02 --> Session: Class initialized using 'CodeIgniter\Session\Handlers\FileHandler' driver.
INFO - 2025-12-23 13:33:05 --> Session: Class initialized using 'CodeIgniter\Session\Handlers\FileHandler' driver.
INFO - 2025-12-23 13:33:05 --> Session: Class initialized using 'CodeIgniter\Session\Handlers\FileHandler' driver.
INFO - 2025-12-23 13:33:05 --> Session: Class initialized using 'CodeIgniter\Session\Handlers\FileHandler' driver.
INFO - 2025-12-23 13:33:05 --> Session: Class initialized using 'CodeIgniter\Session\Handlers\FileHandler' driver.
INFO - 2025-12-23 13:33:05 --> Session: Class initialized using 'CodeIgniter\Session\Handlers\FileHandler' driver.
INFO - 2025-12-23 13:33:06 --> Session: Class initialized using 'CodeIgniter\Session\Handlers\FileHandler' driver.
INFO - 2025-12-23 13:33:26 --> Session: Class initialized using 'CodeIgniter\Session\Handlers\FileHandler' driver.
INFO - 2025-12-23 13:33:42 --> Session: Class initialized using 'CodeIgniter\Session\Handlers\FileHandler' driver.
INFO - 2025-12-23 13:33:46 --> Session: Class initialized using 'CodeIgniter\Session\Handlers\FileHandler' driver.
INFO - 2025-12-23 13:33:48 --> Session: Class initialized using 'CodeIgniter\Session\Handlers\FileHandler' driver.
INFO - 2025-12-23 13:33:48 --> Session: Class initialized using 'CodeIgniter\Session\Handlers\FileHandler' driver.
INFO - 2025-12-23 13:33:48 --> Session: Class initialized using 'CodeIgniter\Session\Handlers\FileHandler' driver.
INFO - 2025-12-23 13:33:48 --> Session: Class initialized using 'CodeIgniter\Session\Handlers\FileHandler' driver.
INFO - 2025-12-23 13:33:48 --> Session: Class initialized using 'CodeIgniter\Session\Handlers\FileHandler' driver.
INFO - 2025-12-23 13:33:48 --> Session: Class initialized using 'CodeIgniter\Session\Handlers\FileHandler' driver.
INFO - 2025-12-23 13:33:55 --> Session: Class initialized using 'CodeIgniter\Session\Handlers\FileHandler' driver.
INFO - 2025-12-23 13:33:56 --> Session: Class initialized using 'CodeIgniter\Session\Handlers\FileHandler' driver.
INFO - 2025-12-23 13:33:57 --> Session: Class initialized using 'CodeIgniter\Session\Handlers\FileHandler' driver.
INFO - 2025-12-23 13:34:24 --> Session: Class initialized using 'CodeIgniter\Session\Handlers\FileHandler' driver.
INFO - 2025-12-23 13:34:26 --> Session: Class initialized using 'CodeIgniter\Session\Handlers\FileHandler' driver.
INFO - 2025-12-23 13:34:28 --> Session: Class initialized using 'CodeIgniter\Session\Handlers\FileHandler' driver.
INFO - 2025-12-23 13:34:28 --> Session: Class initialized using 'CodeIgniter\Session\Handlers\FileHandler' driver.
INFO - 2025-12-23 13:37:37 --> Session: Class initialized using 'CodeIgniter\Session\Handlers\FileHandler' driver.
INFO - 2025-12-23 13:37:40 --> Session: Class initialized using 'CodeIgniter\Session\Handlers\FileHandler' driver.
INFO - 2025-12-23 13:37:40 --> Session: Class initialized using 'CodeIgniter\Session\Handlers\FileHandler' driver.
INFO - 2025-12-23 13:44:58 --> Session: Class initialized using 'CodeIgniter\Session\Handlers\FileHandler' driver.
INFO - 2025-12-23 13:45:00 --> Session: Class initialized using 'CodeIgniter\Session\Handlers\FileHandler' driver.
INFO - 2025-12-23 13:45:00 --> Session: Class initialized using 'CodeIgniter\Session\Handlers\FileHandler' driver.
INFO - 2025-12-23 13:46:53 --> Session: Class initialized using 'CodeIgniter\Session\Handlers\FileHandler' driver.
INFO - 2025-12-23 13:46:55 --> Session: Class initialized using 'CodeIgniter\Session\Handlers\FileHandler' driver.
INFO - 2025-12-23 13:46:55 --> Session: Class initialized using 'CodeIgniter\Session\Handlers\FileHandler' driver.
INFO - 2025-12-23 13:47:23 --> Session: Class initialized using 'CodeIgniter\Session\Handlers\FileHandler' driver.
INFO - 2025-12-23 13:47:25 --> Session: Class initialized using 'CodeIgniter\Session\Handlers\FileHandler' driver.
INFO - 2025-12-23 13:47:25 --> Session: Class initialized using 'CodeIgniter\Session\Handlers\FileHandler' driver.
INFO - 2025-12-23 13:48:49 --> Session: Class initialized using 'CodeIgniter\Session\Handlers\FileHandler' driver.
INFO - 2025-12-23 13:48:52 --> Session: Class initialized using 'CodeIgniter\Session\Handlers\FileHandler' driver.
INFO - 2025-12-23 13:48:52 --> Session: Class initialized using 'CodeIgniter\Session\Handlers\FileHandler' driver.
INFO - 2025-12-23 13:49:54 --> Session: Class initialized using 'CodeIgniter\Session\Handlers\FileHandler' driver.
INFO - 2025-12-23 13:51:13 --> Session: Class initialized using 'CodeIgniter\Session\Handlers\FileHandler' driver.
INFO - 2025-12-23 13:51:15 --> Session: Class initialized using 'CodeIgniter\Session\Handlers\FileHandler' driver.
INFO - 2025-12-23 13:51:15 --> Session: Class initialized using 'CodeIgniter\Session\Handlers\FileHandler' driver.
INFO - 2025-12-23 13:52:51 --> Session: Class initialized using 'CodeIgniter\Session\Handlers\FileHandler' driver.
INFO - 2025-12-23 13:52:54 --> Session: Class initialized using 'CodeIgniter\Session\Handlers\FileHandler' driver.
INFO - 2025-12-23 13:52:54 --> Session: Class initialized using 'CodeIgniter\Session\Handlers\FileHandler' driver.
INFO - 2025-12-23 13:55:21 --> Session: Class initialized using 'CodeIgniter\Session\Handlers\FileHandler' driver.
INFO - 2025-12-23 13:55:24 --> Session: Class initialized using 'CodeIgniter\Session\Handlers\FileHandler' driver.
INFO - 2025-12-23 13:55:24 --> Session: Class initialized using 'CodeIgniter\Session\Handlers\FileHandler' driver.
INFO - 2025-12-23 13:56:49 --> Session: Class initialized using 'CodeIgniter\Session\Handlers\FileHandler' driver.
INFO - 2025-12-23 13:56:51 --> Session: Class initialized using 'CodeIgniter\Session\Handlers\FileHandler' driver.
INFO - 2025-12-23 13:56:51 --> Session: Class initialized using 'CodeIgniter\Session\Handlers\FileHandler' driver.
INFO - 2025-12-23 13:57:18 --> Session: Class initialized using 'CodeIgniter\Session\Handlers\FileHandler' driver.
INFO - 2025-12-23 13:57:21 --> Session: Class initialized using 'CodeIgniter\Session\Handlers\FileHandler' driver.
INFO - 2025-12-23 13:57:22 --> Session: Class initialized using 'CodeIgniter\Session\Handlers\FileHandler' driver.
INFO - 2025-12-23 13:57:22 --> Session: Class initialized using 'CodeIgniter\Session\Handlers\FileHandler' driver.
INFO - 2025-12-23 13:59:53 --> Session: Class initialized using 'CodeIgniter\Session\Handlers\FileHandler' driver.
INFO - 2025-12-23 13:59:55 --> Session: Class initialized using 'CodeIgniter\Session\Handlers\FileHandler' driver.
INFO - 2025-12-23 13:59:55 --> Session: Class initialized using 'CodeIgniter\Session\Handlers\FileHandler' driver.
INFO - 2025-12-23 14:00:07 --> Session: Class initialized using 'CodeIgniter\Session\Handlers\FileHandler' driver.
INFO - 2025-12-23 14:00:22 --> Session: Class initialized using 'CodeIgniter\Session\Handlers\FileHandler' driver.
INFO - 2025-12-23 14:02:59 --> Session: Class initialized using 'CodeIgniter\Session\Handlers\FileHandler' driver.
INFO - 2025-12-23 14:03:02 --> Session: Class initialized using 'CodeIgniter\Session\Handlers\FileHandler' driver.
INFO - 2025-12-23 14:03:02 --> Session: Class initialized using 'CodeIgniter\Session\Handlers\FileHandler' driver.
INFO - 2025-12-23 14:03:10 --> Session: Class initialized using 'CodeIgniter\Session\Handlers\FileHandler' driver.
INFO - 2025-12-23 14:03:12 --> Session: Class initialized using 'CodeIgniter\Session\Handlers\FileHandler' driver.
INFO - 2025-12-23 14:03:31 --> Session: Class initialized using 'CodeIgniter\Session\Handlers\FileHandler' driver.
INFO - 2025-12-23 14:03:34 --> Session: Class initialized using 'CodeIgniter\Session\Handlers\FileHandler' driver.
INFO - 2025-12-23 14:03:36 --> Session: Class initialized using 'CodeIgniter\Session\Handlers\FileHandler' driver.
INFO - 2025-12-23 14:03:36 --> Session: Class initialized using 'CodeIgniter\Session\Handlers\FileHandler' driver.
INFO - 2025-12-23 14:05:17 --> Session: Class initialized using 'CodeIgniter\Session\Handlers\FileHandler' driver.
INFO - 2025-12-23 14:05:19 --> Session: Class initialized using 'CodeIgniter\Session\Handlers\FileHandler' driver.
INFO - 2025-12-23 14:05:19 --> Session: Class initialized using 'CodeIgniter\Session\Handlers\FileHandler' driver.
INFO - 2025-12-23 14:05:30 --> Session: Class initialized using 'CodeIgniter\Session\Handlers\FileHandler' driver.
INFO - 2025-12-23 14:05:46 --> Session: Class initialized using 'CodeIgniter\Session\Handlers\FileHandler' driver.
INFO - 2025-12-23 14:06:38 --> Session: Class initialized using 'CodeIgniter\Session\Handlers\FileHandler' driver.
INFO - 2025-12-23 14:06:40 --> Session: Class initialized using 'CodeIgniter\Session\Handlers\FileHandler' driver.
INFO - 2025-12-23 14:06:49 --> Session: Class initialized using 'CodeIgniter\Session\Handlers\FileHandler' driver.
INFO - 2025-12-23 14:06:51 --> Session: Class initialized using 'CodeIgniter\Session\Handlers\FileHandler' driver.
INFO - 2025-12-23 14:07:58 --> Session: Class initialized using 'CodeIgniter\Session\Handlers\FileHandler' driver.
INFO - 2025-12-23 14:08:00 --> Session: Class initialized using 'CodeIgniter\Session\Handlers\FileHandler' driver.
INFO - 2025-12-23 14:08:00 --> Session: Class initialized using 'CodeIgniter\Session\Handlers\FileHandler' driver.
INFO - 2025-12-23 14:08:07 --> Session: Class initialized using 'CodeIgniter\Session\Handlers\FileHandler' driver.
INFO - 2025-12-23 14:08:09 --> Session: Class initialized using 'CodeIgniter\Session\Handlers\FileHandler' driver.
INFO - 2025-12-23 14:09:44 --> Session: Class initialized using 'CodeIgniter\Session\Handlers\FileHandler' driver.
INFO - 2025-12-23 14:09:46 --> Session: Class initialized using 'CodeIgniter\Session\Handlers\FileHandler' driver.
INFO - 2025-12-23 14:09:46 --> Session: Class initialized using 'CodeIgniter\Session\Handlers\FileHandler' driver.
INFO - 2025-12-23 14:11:05 --> Session: Class initialized using 'CodeIgniter\Session\Handlers\FileHandler' driver.
INFO - 2025-12-23 14:11:07 --> Session: Class initialized using 'CodeIgniter\Session\Handlers\FileHandler' driver.
INFO - 2025-12-23 14:11:07 --> Session: Class initialized using 'CodeIgniter\Session\Handlers\FileHandler' driver.
INFO - 2025-12-23 14:12:56 --> Session: Class initialized using 'CodeIgniter\Session\Handlers\FileHandler' driver.
INFO - 2025-12-23 14:12:58 --> Session: Class initialized using 'CodeIgniter\Session\Handlers\FileHandler' driver.
INFO - 2025-12-23 14:12:58 --> Session: Class initialized using 'CodeIgniter\Session\Handlers\FileHandler' driver.
INFO - 2025-12-23 14:13:39 --> Session: Class initialized using 'CodeIgniter\Session\Handlers\FileHandler' driver.
INFO - 2025-12-23 14:13:41 --> Session: Class initialized using 'CodeIgniter\Session\Handlers\FileHandler' driver.
INFO - 2025-12-23 14:13:57 --> Session: Class initialized using 'CodeIgniter\Session\Handlers\FileHandler' driver.
INFO - 2025-12-23 14:14:00 --> Session: Class initialized using 'CodeIgniter\Session\Handlers\FileHandler' driver.
INFO - 2025-12-23 14:15:01 --> Session: Class initialized using 'CodeIgniter\Session\Handlers\FileHandler' driver.
INFO - 2025-12-23 14:15:13 --> Session: Class initialized using 'CodeIgniter\Session\Handlers\FileHandler' driver.
INFO - 2025-12-23 14:16:34 --> Session: Class initialized using 'CodeIgniter\Session\Handlers\FileHandler' driver.
INFO - 2025-12-23 14:16:37 --> Session: Class initialized using 'CodeIgniter\Session\Handlers\FileHandler' driver.
INFO - 2025-12-23 14:16:37 --> Session: Class initialized using 'CodeIgniter\Session\Handlers\FileHandler' driver.
INFO - 2025-12-23 14:16:47 --> Session: Class initialized using 'CodeIgniter\Session\Handlers\FileHandler' driver.
INFO - 2025-12-23 14:16:50 --> Session: Class initialized using 'CodeIgniter\Session\Handlers\FileHandler' driver.
INFO - 2025-12-23 14:19:05 --> Session: Class initialized using 'CodeIgniter\Session\Handlers\FileHandler' driver.
INFO - 2025-12-23 14:19:07 --> Session: Class initialized using 'CodeIgniter\Session\Handlers\FileHandler' driver.
INFO - 2025-12-23 14:19:07 --> Session: Class initialized using 'CodeIgniter\Session\Handlers\FileHandler' driver.
INFO - 2025-12-23 14:19:08 --> Session: Class initialized using 'CodeIgniter\Session\Handlers\FileHandler' driver.
INFO - 2025-12-23 14:19:08 --> Session: Class initialized using 'CodeIgniter\Session\Handlers\FileHandler' driver.
INFO - 2025-12-23 14:19:09 --> Session: Class initialized using 'CodeIgniter\Session\Handlers\FileHandler' driver.
INFO - 2025-12-23 14:19:09 --> Session: Class initialized using 'CodeIgniter\Session\Handlers\FileHandler' driver.
INFO - 2025-12-23 14:19:31 --> Session: Class initialized using 'CodeIgniter\Session\Handlers\FileHandler' driver.
INFO - 2025-12-23 14:19:33 --> Session: Class initialized using 'CodeIgniter\Session\Handlers\FileHandler' driver.
INFO - 2025-12-23 14:19:34 --> Session: Class initialized using 'CodeIgniter\Session\Handlers\FileHandler' driver.
INFO - 2025-12-23 14:19:35 --> Session: Class initialized using 'CodeIgniter\Session\Handlers\FileHandler' driver.
ERROR - 2025-12-23 14:19:35 --> mysqli_sql_exception: Unknown column 'booking_imgWork' in 'field list' in /var/www/html/vendor/codeigniter4/framework/system/Database/MySQLi/Connection.php:295
Stack trace:
#0 /var/www/html/vendor/codeigniter4/framework/system/Database/MySQLi/Connection.php(295): mysqli->query('SELECT `booking...', 0)
#1 /var/www/html/vendor/codeigniter4/framework/system/Database/BaseConnection.php(692): CodeIgniter\Database\MySQLi\Connection->execute('SELECT `booking...')
#2 /var/www/html/vendor/codeigniter4/framework/system/Database/BaseConnection.php(606): CodeIgniter\Database\BaseConnection->simpleQuery('SELECT `booking...')
#3 /var/www/html/vendor/codeigniter4/framework/system/Database/BaseBuilder.php(1616): CodeIgniter\Database\BaseConnection->query('SELECT `booking...', Array, false)
#4 /var/www/html/app/Controllers/ConUserBooking.php(824): CodeIgniter\Database\BaseBuilder->get()
#5 /var/www/html/vendor/codeigniter4/framework/system/CodeIgniter.php(934): App\Controllers\ConUserBooking->BookingDataTableApproveAdmin()
#6 /var/www/html/vendor/codeigniter4/framework/system/CodeIgniter.php(499): CodeIgniter\CodeIgniter->runController(Object(App\Controllers\ConUserBooking))
#7 /var/www/html/vendor/codeigniter4/framework/system/CodeIgniter.php(368): CodeIgniter\CodeIgniter->handleRequest(NULL, Object(Config\Cache), false)
#8 /var/www/html/index.php(67): CodeIgniter\CodeIgniter->run()
#9 {main}
CRITICAL - 2025-12-23 14:19:35 --> Unknown column 'booking_imgWork' in 'field list'
in SYSTEMPATH/Database/MySQLi/Connection.php on line 295.
 1 SYSTEMPATH/Database/MySQLi/Connection.php(295): mysqli->query('SELECT `booking_id`, `booking_order`, `booking_telephone`, `booking_Booker`, `booking_locationroom`, `booking_title`, `booking_dateStart`, `booking_dateEnd`, `booking_timeStart`, `booking_timeEnd`, `booking_admin_approve`, `booking_admin_reason`, `booking_executive_approve`, `location_name`, `booking_imgWork`, CONCAT(p1.pers_prefix, `p1`.`pers_firstname`, " ", p1.pers_lastname) AS booker_name, CONCAT(p2.pers_prefix, `p2`.`pers_firstname`, " ", p2.pers_lastname) AS admin_name, CONCAT(p3.pers_prefix, `p3`.`pers_firstname`, " ", p3.pers_lastname) AS executive_name
FROM `tb_booking`
JOIN `tb_location` ON `tb_booking`.`booking_locationroom` = `tb_location`.`location_ID`
JOIN `skjacth_personnel`.`tb_personnel` AS `p1` ON `tb_booking`.`booking_Booker` = `p1`.`pers_id`
LEFT JOIN `skjacth_personnel`.`tb_personnel` AS `p2` ON `tb_booking`.`booking_admin_check` = `p2`.`pers_id`
LEFT JOIN `skjacth_personnel`.`tb_personnel` AS `p3` ON `tb_booking`.`booking_executive_approve` = `p3`.`pers_id`
ORDER BY `booking_id` DESC', 0)
 2 SYSTEMPATH/Database/BaseConnection.php(692): CodeIgniter\Database\MySQLi\Connection->execute('SELECT `booking_id`, `booking_order`, `booking_telephone`, `booking_Booker`, `booking_locationroom`, `booking_title`, `booking_dateStart`, `booking_dateEnd`, `booking_timeStart`, `booking_timeEnd`, `booking_admin_approve`, `booking_admin_reason`, `booking_executive_approve`, `location_name`, `booking_imgWork`, CONCAT(p1.pers_prefix, `p1`.`pers_firstname`, " ", p1.pers_lastname) AS booker_name, CONCAT(p2.pers_prefix, `p2`.`pers_firstname`, " ", p2.pers_lastname) AS admin_name, CONCAT(p3.pers_prefix, `p3`.`pers_firstname`, " ", p3.pers_lastname) AS executive_name
FROM `tb_booking`
JOIN `tb_location` ON `tb_booking`.`booking_locationroom` = `tb_location`.`location_ID`
JOIN `skjacth_personnel`.`tb_personnel` AS `p1` ON `tb_booking`.`booking_Booker` = `p1`.`pers_id`
LEFT JOIN `skjacth_personnel`.`tb_personnel` AS `p2` ON `tb_booking`.`booking_admin_check` = `p2`.`pers_id`
LEFT JOIN `skjacth_personnel`.`tb_personnel` AS `p3` ON `tb_booking`.`booking_executive_approve` = `p3`.`pers_id`
ORDER BY `booking_id` DESC')
 3 SYSTEMPATH/Database/BaseConnection.php(606): CodeIgniter\Database\BaseConnection->simpleQuery('SELECT `booking_id`, `booking_order`, `booking_telephone`, `booking_Booker`, `booking_locationroom`, `booking_title`, `booking_dateStart`, `booking_dateEnd`, `booking_timeStart`, `booking_timeEnd`, `booking_admin_approve`, `booking_admin_reason`, `booking_executive_approve`, `location_name`, `booking_imgWork`, CONCAT(p1.pers_prefix, `p1`.`pers_firstname`, " ", p1.pers_lastname) AS booker_name, CONCAT(p2.pers_prefix, `p2`.`pers_firstname`, " ", p2.pers_lastname) AS admin_name, CONCAT(p3.pers_prefix, `p3`.`pers_firstname`, " ", p3.pers_lastname) AS executive_name
FROM `tb_booking`
JOIN `tb_location` ON `tb_booking`.`booking_locationroom` = `tb_location`.`location_ID`
JOIN `skjacth_personnel`.`tb_personnel` AS `p1` ON `tb_booking`.`booking_Booker` = `p1`.`pers_id`
LEFT JOIN `skjacth_personnel`.`tb_personnel` AS `p2` ON `tb_booking`.`booking_admin_check` = `p2`.`pers_id`
LEFT JOIN `skjacth_personnel`.`tb_personnel` AS `p3` ON `tb_booking`.`booking_executive_approve` = `p3`.`pers_id`
ORDER BY `booking_id` DESC')
 4 SYSTEMPATH/Database/BaseBuilder.php(1616): CodeIgniter\Database\BaseConnection->query('SELECT `booking_id`, `booking_order`, `booking_telephone`, `booking_Booker`, `booking_locationroom`, `booking_title`, `booking_dateStart`, `booking_dateEnd`, `booking_timeStart`, `booking_timeEnd`, `booking_admin_approve`, `booking_admin_reason`, `booking_executive_approve`, `location_name`, `booking_imgWork`, CONCAT(p1.pers_prefix, `p1`.`pers_firstname`, " ", p1.pers_lastname) AS booker_name, CONCAT(p2.pers_prefix, `p2`.`pers_firstname`, " ", p2.pers_lastname) AS admin_name, CONCAT(p3.pers_prefix, `p3`.`pers_firstname`, " ", p3.pers_lastname) AS executive_name
FROM `tb_booking`
JOIN `tb_location` ON `tb_booking`.`booking_locationroom` = `tb_location`.`location_ID`
JOIN `skjacth_personnel`.`tb_personnel` AS `p1` ON `tb_booking`.`booking_Booker` = `p1`.`pers_id`
LEFT JOIN `skjacth_personnel`.`tb_personnel` AS `p2` ON `tb_booking`.`booking_admin_check` = `p2`.`pers_id`
LEFT JOIN `skjacth_personnel`.`tb_personnel` AS `p3` ON `tb_booking`.`booking_executive_approve` = `p3`.`pers_id`
ORDER BY `booking_id` DESC', [], false)
 5 APPPATH/Controllers/ConUserBooking.php(824): CodeIgniter\Database\BaseBuilder->get()
 6 SYSTEMPATH/CodeIgniter.php(934): App\Controllers\ConUserBooking->BookingDataTableApproveAdmin()
 7 SYSTEMPATH/CodeIgniter.php(499): CodeIgniter\CodeIgniter->runController(Object(App\Controllers\ConUserBooking))
 8 SYSTEMPATH/CodeIgniter.php(368): CodeIgniter\CodeIgniter->handleRequest(null, Object(Config\Cache), false)
 9 FCPATH/index.php(67): CodeIgniter\CodeIgniter->run()
INFO - 2025-12-23 14:22:10 --> Session: Class initialized using 'CodeIgniter\Session\Handlers\FileHandler' driver.
INFO - 2025-12-23 14:22:12 --> Session: Class initialized using 'CodeIgniter\Session\Handlers\FileHandler' driver.
ERROR - 2025-12-23 14:22:12 --> mysqli_sql_exception: Unknown column 'booking_imgWork' in 'field list' in /var/www/html/vendor/codeigniter4/framework/system/Database/MySQLi/Connection.php:295
Stack trace:
#0 /var/www/html/vendor/codeigniter4/framework/system/Database/MySQLi/Connection.php(295): mysqli->query('SELECT `booking...', 0)
#1 /var/www/html/vendor/codeigniter4/framework/system/Database/BaseConnection.php(692): CodeIgniter\Database\MySQLi\Connection->execute('SELECT `booking...')
#2 /var/www/html/vendor/codeigniter4/framework/system/Database/BaseConnection.php(606): CodeIgniter\Database\BaseConnection->simpleQuery('SELECT `booking...')
#3 /var/www/html/vendor/codeigniter4/framework/system/Database/BaseBuilder.php(1616): CodeIgniter\Database\BaseConnection->query('SELECT `booking...', Array, false)
#4 /var/www/html/app/Controllers/ConUserBooking.php(824): CodeIgniter\Database\BaseBuilder->get()
#5 /var/www/html/vendor/codeigniter4/framework/system/CodeIgniter.php(934): App\Controllers\ConUserBooking->BookingDataTableApproveAdmin()
#6 /var/www/html/vendor/codeigniter4/framework/system/CodeIgniter.php(499): CodeIgniter\CodeIgniter->runController(Object(App\Controllers\ConUserBooking))
#7 /var/www/html/vendor/codeigniter4/framework/system/CodeIgniter.php(368): CodeIgniter\CodeIgniter->handleRequest(NULL, Object(Config\Cache), false)
#8 /var/www/html/index.php(67): CodeIgniter\CodeIgniter->run()
#9 {main}
CRITICAL - 2025-12-23 14:22:12 --> Unknown column 'booking_imgWork' in 'field list'
in SYSTEMPATH/Database/MySQLi/Connection.php on line 295.
 1 SYSTEMPATH/Database/MySQLi/Connection.php(295): mysqli->query('SELECT `booking_id`, `booking_order`, `booking_telephone`, `booking_Booker`, `booking_locationroom`, `booking_title`, `booking_dateStart`, `booking_dateEnd`, `booking_timeStart`, `booking_timeEnd`, `booking_admin_approve`, `booking_admin_reason`, `booking_executive_approve`, `location_name`, `booking_imgWork`, CONCAT(p1.pers_prefix, `p1`.`pers_firstname`, " ", p1.pers_lastname) AS booker_name, CONCAT(p2.pers_prefix, `p2`.`pers_firstname`, " ", p2.pers_lastname) AS admin_name, CONCAT(p3.pers_prefix, `p3`.`pers_firstname`, " ", p3.pers_lastname) AS executive_name
FROM `tb_booking`
JOIN `tb_location` ON `tb_booking`.`booking_locationroom` = `tb_location`.`location_ID`
JOIN `skjacth_personnel`.`tb_personnel` AS `p1` ON `tb_booking`.`booking_Booker` = `p1`.`pers_id`
LEFT JOIN `skjacth_personnel`.`tb_personnel` AS `p2` ON `tb_booking`.`booking_admin_check` = `p2`.`pers_id`
LEFT JOIN `skjacth_personnel`.`tb_personnel` AS `p3` ON `tb_booking`.`booking_executive_approve` = `p3`.`pers_id`
ORDER BY `booking_id` DESC', 0)
 2 SYSTEMPATH/Database/BaseConnection.php(692): CodeIgniter\Database\MySQLi\Connection->execute('SELECT `booking_id`, `booking_order`, `booking_telephone`, `booking_Booker`, `booking_locationroom`, `booking_title`, `booking_dateStart`, `booking_dateEnd`, `booking_timeStart`, `booking_timeEnd`, `booking_admin_approve`, `booking_admin_reason`, `booking_executive_approve`, `location_name`, `booking_imgWork`, CONCAT(p1.pers_prefix, `p1`.`pers_firstname`, " ", p1.pers_lastname) AS booker_name, CONCAT(p2.pers_prefix, `p2`.`pers_firstname`, " ", p2.pers_lastname) AS admin_name, CONCAT(p3.pers_prefix, `p3`.`pers_firstname`, " ", p3.pers_lastname) AS executive_name
FROM `tb_booking`
JOIN `tb_location` ON `tb_booking`.`booking_locationroom` = `tb_location`.`location_ID`
JOIN `skjacth_personnel`.`tb_personnel` AS `p1` ON `tb_booking`.`booking_Booker` = `p1`.`pers_id`
LEFT JOIN `skjacth_personnel`.`tb_personnel` AS `p2` ON `tb_booking`.`booking_admin_check` = `p2`.`pers_id`
LEFT JOIN `skjacth_personnel`.`tb_personnel` AS `p3` ON `tb_booking`.`booking_executive_approve` = `p3`.`pers_id`
ORDER BY `booking_id` DESC')
 3 SYSTEMPATH/Database/BaseConnection.php(606): CodeIgniter\Database\BaseConnection->simpleQuery('SELECT `booking_id`, `booking_order`, `booking_telephone`, `booking_Booker`, `booking_locationroom`, `booking_title`, `booking_dateStart`, `booking_dateEnd`, `booking_timeStart`, `booking_timeEnd`, `booking_admin_approve`, `booking_admin_reason`, `booking_executive_approve`, `location_name`, `booking_imgWork`, CONCAT(p1.pers_prefix, `p1`.`pers_firstname`, " ", p1.pers_lastname) AS booker_name, CONCAT(p2.pers_prefix, `p2`.`pers_firstname`, " ", p2.pers_lastname) AS admin_name, CONCAT(p3.pers_prefix, `p3`.`pers_firstname`, " ", p3.pers_lastname) AS executive_name
FROM `tb_booking`
JOIN `tb_location` ON `tb_booking`.`booking_locationroom` = `tb_location`.`location_ID`
JOIN `skjacth_personnel`.`tb_personnel` AS `p1` ON `tb_booking`.`booking_Booker` = `p1`.`pers_id`
LEFT JOIN `skjacth_personnel`.`tb_personnel` AS `p2` ON `tb_booking`.`booking_admin_check` = `p2`.`pers_id`
LEFT JOIN `skjacth_personnel`.`tb_personnel` AS `p3` ON `tb_booking`.`booking_executive_approve` = `p3`.`pers_id`
ORDER BY `booking_id` DESC')
 4 SYSTEMPATH/Database/BaseBuilder.php(1616): CodeIgniter\Database\BaseConnection->query('SELECT `booking_id`, `booking_order`, `booking_telephone`, `booking_Booker`, `booking_locationroom`, `booking_title`, `booking_dateStart`, `booking_dateEnd`, `booking_timeStart`, `booking_timeEnd`, `booking_admin_approve`, `booking_admin_reason`, `booking_executive_approve`, `location_name`, `booking_imgWork`, CONCAT(p1.pers_prefix, `p1`.`pers_firstname`, " ", p1.pers_lastname) AS booker_name, CONCAT(p2.pers_prefix, `p2`.`pers_firstname`, " ", p2.pers_lastname) AS admin_name, CONCAT(p3.pers_prefix, `p3`.`pers_firstname`, " ", p3.pers_lastname) AS executive_name
FROM `tb_booking`
JOIN `tb_location` ON `tb_booking`.`booking_locationroom` = `tb_location`.`location_ID`
JOIN `skjacth_personnel`.`tb_personnel` AS `p1` ON `tb_booking`.`booking_Booker` = `p1`.`pers_id`
LEFT JOIN `skjacth_personnel`.`tb_personnel` AS `p2` ON `tb_booking`.`booking_admin_check` = `p2`.`pers_id`
LEFT JOIN `skjacth_personnel`.`tb_personnel` AS `p3` ON `tb_booking`.`booking_executive_approve` = `p3`.`pers_id`
ORDER BY `booking_id` DESC', [], false)
 5 APPPATH/Controllers/ConUserBooking.php(824): CodeIgniter\Database\BaseBuilder->get()
 6 SYSTEMPATH/CodeIgniter.php(934): App\Controllers\ConUserBooking->BookingDataTableApproveAdmin()
 7 SYSTEMPATH/CodeIgniter.php(499): CodeIgniter\CodeIgniter->runController(Object(App\Controllers\ConUserBooking))
 8 SYSTEMPATH/CodeIgniter.php(368): CodeIgniter\CodeIgniter->handleRequest(null, Object(Config\Cache), false)
 9 FCPATH/index.php(67): CodeIgniter\CodeIgniter->run()
INFO - 2025-12-23 14:28:11 --> Session: Class initialized using 'CodeIgniter\Session\Handlers\FileHandler' driver.
INFO - 2025-12-23 14:28:13 --> Session: Class initialized using 'CodeIgniter\Session\Handlers\FileHandler' driver.
INFO - 2025-12-23 14:30:24 --> Session: Class initialized using 'CodeIgniter\Session\Handlers\FileHandler' driver.
INFO - 2025-12-23 14:30:27 --> Session: Class initialized using 'CodeIgniter\Session\Handlers\FileHandler' driver.
INFO - 2025-12-23 14:30:40 --> Session: Class initialized using 'CodeIgniter\Session\Handlers\FileHandler' driver.
INFO - 2025-12-23 14:30:50 --> Session: Class initialized using 'CodeIgniter\Session\Handlers\FileHandler' driver.
INFO - 2025-12-23 14:34:23 --> Session: Class initialized using 'CodeIgniter\Session\Handlers\FileHandler' driver.
INFO - 2025-12-23 14:34:25 --> Session: Class initialized using 'CodeIgniter\Session\Handlers\FileHandler' driver.
INFO - 2025-12-23 14:34:32 --> Session: Class initialized using 'CodeIgniter\Session\Handlers\FileHandler' driver.
INFO - 2025-12-23 14:34:40 --> Session: Class initialized using 'CodeIgniter\Session\Handlers\FileHandler' driver.
INFO - 2025-12-23 14:34:42 --> Session: Class initialized using 'CodeIgniter\Session\Handlers\FileHandler' driver.
INFO - 2025-12-23 14:34:47 --> Session: Class initialized using 'CodeIgniter\Session\Handlers\FileHandler' driver.
INFO - 2025-12-23 14:34:49 --> Session: Class initialized using 'CodeIgniter\Session\Handlers\FileHandler' driver.
CRITICAL - 2025-12-23 14:34:58 --> require(/var/librarie_skj/mpdf/vendor/autoload.php): Failed to open stream: No such file or directory
in APPPATH/Controllers/ConUserBooking.php on line 1113.
 1 APPPATH/Controllers/ConUserBooking.php(1113): CodeIgniter\Debug\Exceptions->errorHandler(2, 'require(/var/librarie_skj/mpdf/vendor/autoload.php): Failed to open stream: No such file or directory', '/var/www/html/app/Controllers/ConUserBooking.php', 1113)
 2 APPPATH/Controllers/ConUserBooking.php(1113): require()
 3 SYSTEMPATH/CodeIgniter.php(934): App\Controllers\ConUserBooking->BookingRequestform('53')
 4 SYSTEMPATH/CodeIgniter.php(499): CodeIgniter\CodeIgniter->runController(Object(App\Controllers\ConUserBooking))
 5 SYSTEMPATH/CodeIgniter.php(368): CodeIgniter\CodeIgniter->handleRequest(null, Object(Config\Cache), false)
 6 FCPATH/index.php(67): CodeIgniter\CodeIgniter->run()
INFO - 2025-12-23 14:36:23 --> Session: Class initialized using 'CodeIgniter\Session\Handlers\FileHandler' driver.
INFO - 2025-12-23 14:40:58 --> Session: Class initialized using 'CodeIgniter\Session\Handlers\FileHandler' driver.
INFO - 2025-12-23 14:41:00 --> Session: Class initialized using 'CodeIgniter\Session\Handlers\FileHandler' driver.
INFO - 2025-12-23 14:45:04 --> Session: Class initialized using 'CodeIgniter\Session\Handlers\FileHandler' driver.
INFO - 2025-12-23 14:46:26 --> Session: Class initialized using 'CodeIgniter\Session\Handlers\FileHandler' driver.
INFO - 2025-12-23 14:46:36 --> Session: Class initialized using 'CodeIgniter\Session\Handlers\FileHandler' driver.
INFO - 2025-12-23 14:46:38 --> Session: Class initialized using 'CodeIgniter\Session\Handlers\FileHandler' driver.
INFO - 2025-12-23 14:46:42 --> Session: Class initialized using 'CodeIgniter\Session\Handlers\FileHandler' driver.
INFO - 2025-12-23 14:46:47 --> Session: Class initialized using 'CodeIgniter\Session\Handlers\FileHandler' driver.
INFO - 2025-12-23 14:48:17 --> Session: Class initialized using 'CodeIgniter\Session\Handlers\FileHandler' driver.
INFO - 2025-12-23 14:48:43 --> Session: Class initialized using 'CodeIgniter\Session\Handlers\FileHandler' driver.
INFO - 2025-12-23 14:51:42 --> Session: Class initialized using 'CodeIgniter\Session\Handlers\FileHandler' driver.
INFO - 2025-12-23 14:51:45 --> Session: Class initialized using 'CodeIgniter\Session\Handlers\FileHandler' driver.
INFO - 2025-12-23 14:51:45 --> Session: Class initialized using 'CodeIgniter\Session\Handlers\FileHandler' driver.
